2026-01-10 13:12:50,044 - INFO - Starting extraction for sample.pdf.pdf
2026-01-10 13:12:50,082 - INFO - PDF opened. Total pages: 70
2026-01-10 13:12:50,082 - INFO - Extracting Metadata from Page 1...
2026-01-10 13:12:50,083 - INFO - Converting page 1 to image...
2026-01-10 13:12:50,379 - INFO - Running OCR on page 1...
2026-01-10 13:12:51,057 - INFO - Header Page Text Dump:
বাংলাদেশ
নির্বাচন কমিশন

গু

ভোটার তালিকা - মেহিলা)

উপজেলা/থানা সরাইল
ইউনিয়ন/ পৌর ওয়ার্ড। অরুয়াইল
ক্যান্টনমেন্ট বোর্ড

ভোটার এলাকা ধামাউরা উত্তর পশ্চিম অংশ)

সিটি কর্পোরেশন/ পৌরসভা

ওয়ার্ড নম্বর (ইউনিয়ন পরিষদের জন্য)
সর্বমোট ভোটার সংখ্যা

ভোটার এলাকার নম্বর ০৭০৯

ভোটার তালিকা প্রকাশের তারিখ: ২৪/১১/২০২৫

মোট মহিলা ভোটার সংখ্যা

২
২৮৪০

১২০৬

2026-01-10 13:12:51,058 - INFO - Extracted Metadata (Initial): {'upazila': 'সরাইল', 'union': 'পৌর ওয়ার্ড। অরুয়াইল', 'voter_area': 'ধামাউরা উত্তর পশ্চিম অংশ)', 'voter_area_code': '০৭০৯'}
2026-01-10 13:12:51,059 - INFO - Processing page 1...
2026-01-10 13:12:51,059 - INFO - Converting page 1 to image...
2026-01-10 13:12:51,283 - INFO - Running OCR on page 1...
2026-01-10 13:12:51,953 - INFO - Processing page 2...
2026-01-10 13:12:51,953 - INFO - Converting page 2 to image...
2026-01-10 13:12:52,094 - INFO - Running OCR on page 2...
2026-01-10 13:12:52,557 - INFO - Processing page 3...
2026-01-10 13:12:52,557 - INFO - Converting page 3 to image...
2026-01-10 13:12:52,783 - INFO - Running OCR on page 3...
2026-01-10 13:12:54,426 - INFO - Processing page 4...
2026-01-10 13:12:54,426 - INFO - Converting page 4 to image...
2026-01-10 13:12:54,662 - INFO - Running OCR on page 4...
2026-01-10 13:12:56,240 - INFO - Processing page 5...
2026-01-10 13:12:56,240 - INFO - Converting page 5 to image...
2026-01-10 13:12:56,461 - INFO - Running OCR on page 5...
2026-01-10 13:12:58,078 - INFO - Processing page 6...
2026-01-10 13:12:58,078 - INFO - Converting page 6 to image...
2026-01-10 13:12:58,332 - INFO - Running OCR on page 6...
2026-01-10 13:12:59,705 - INFO - Processing page 7...
2026-01-10 13:12:59,705 - INFO - Converting page 7 to image...
2026-01-10 13:12:59,922 - INFO - Running OCR on page 7...
2026-01-10 13:13:01,536 - INFO - Processing page 8...
2026-01-10 13:13:01,537 - INFO - Converting page 8 to image...
2026-01-10 13:13:01,760 - INFO - Running OCR on page 8...
2026-01-10 13:13:03,357 - INFO - Processing page 9...
2026-01-10 13:13:03,358 - INFO - Converting page 9 to image...
2026-01-10 13:13:03,583 - INFO - Running OCR on page 9...
2026-01-10 13:13:05,173 - INFO - Processing page 10...
2026-01-10 13:13:05,173 - INFO - Converting page 10 to image...
2026-01-10 13:13:05,393 - INFO - Running OCR on page 10...
2026-01-10 13:13:06,999 - INFO - Processing page 11...
2026-01-10 13:13:07,000 - INFO - Converting page 11 to image...
2026-01-10 13:13:07,219 - INFO - Running OCR on page 11...
2026-01-10 13:13:08,890 - INFO - Processing page 12...
2026-01-10 13:13:08,891 - INFO - Converting page 12 to image...
2026-01-10 13:13:09,148 - INFO - Running OCR on page 12...
2026-01-10 13:13:11,012 - INFO - Processing page 13...
2026-01-10 13:13:11,012 - INFO - Converting page 13 to image...
2026-01-10 13:13:11,234 - INFO - Running OCR on page 13...
2026-01-10 13:13:12,918 - INFO - Processing page 14...
2026-01-10 13:13:12,918 - INFO - Converting page 14 to image...
2026-01-10 13:13:13,180 - INFO - Running OCR on page 14...
2026-01-10 13:13:14,863 - INFO - Processing page 15...
2026-01-10 13:13:14,863 - INFO - Converting page 15 to image...
2026-01-10 13:13:15,085 - INFO - Running OCR on page 15...
2026-01-10 13:13:16,839 - INFO - Processing page 16...
2026-01-10 13:13:16,840 - INFO - Converting page 16 to image...
2026-01-10 13:13:17,064 - INFO - Running OCR on page 16...
2026-01-10 13:13:18,818 - INFO - Processing page 17...
2026-01-10 13:13:18,818 - INFO - Converting page 17 to image...
2026-01-10 13:13:19,038 - INFO - Running OCR on page 17...
2026-01-10 13:13:20,917 - INFO - Processing page 18...
2026-01-10 13:13:20,917 - INFO - Converting page 18 to image...
2026-01-10 13:13:21,246 - INFO - Running OCR on page 18...
2026-01-10 13:13:22,920 - INFO - Processing page 19...
2026-01-10 13:13:22,920 - INFO - Converting page 19 to image...
2026-01-10 13:13:23,159 - INFO - Running OCR on page 19...
2026-01-10 13:13:24,986 - INFO - Processing page 20...
2026-01-10 13:13:24,987 - INFO - Converting page 20 to image...
2026-01-10 13:13:25,219 - INFO - Running OCR on page 20...
2026-01-10 13:13:27,070 - INFO - Processing page 21...
2026-01-10 13:13:27,070 - INFO - Converting page 21 to image...
2026-01-10 13:13:27,288 - INFO - Running OCR on page 21...
2026-01-10 13:13:28,881 - INFO - Processing page 22...
2026-01-10 13:13:28,881 - INFO - Converting page 22 to image...
2026-01-10 13:13:29,105 - INFO - Running OCR on page 22...
2026-01-10 13:13:31,075 - INFO - Processing page 23...
2026-01-10 13:13:31,075 - INFO - Converting page 23 to image...
2026-01-10 13:13:31,301 - INFO - Running OCR on page 23...
2026-01-10 13:13:32,939 - INFO - Processing page 24...
2026-01-10 13:13:32,939 - INFO - Converting page 24 to image...
2026-01-10 13:13:33,197 - INFO - Running OCR on page 24...
2026-01-10 13:13:34,931 - INFO - Processing page 25...
2026-01-10 13:13:34,932 - INFO - Converting page 25 to image...
2026-01-10 13:13:35,150 - INFO - Running OCR on page 25...
2026-01-10 13:13:36,839 - INFO - Processing page 26...
2026-01-10 13:13:36,840 - INFO - Converting page 26 to image...
2026-01-10 13:13:37,062 - INFO - Running OCR on page 26...
2026-01-10 13:13:38,665 - INFO - Processing page 27...
2026-01-10 13:13:38,666 - INFO - Converting page 27 to image...
2026-01-10 13:13:38,884 - INFO - Running OCR on page 27...
2026-01-10 13:13:40,429 - INFO - Processing page 28...
2026-01-10 13:13:40,430 - INFO - Converting page 28 to image...
2026-01-10 13:13:40,644 - INFO - Running OCR on page 28...
2026-01-10 13:13:42,346 - INFO - Processing page 29...
2026-01-10 13:13:42,346 - INFO - Converting page 29 to image...
2026-01-10 13:13:42,596 - INFO - Running OCR on page 29...
2026-01-10 13:13:44,203 - INFO - Processing page 30...
2026-01-10 13:13:44,204 - INFO - Converting page 30 to image...
2026-01-10 13:13:44,460 - INFO - Running OCR on page 30...
2026-01-10 13:13:46,174 - INFO - Processing page 31...
2026-01-10 13:13:46,174 - INFO - Converting page 31 to image...
2026-01-10 13:13:46,393 - INFO - Running OCR on page 31...
2026-01-10 13:13:48,079 - INFO - Processing page 32...
2026-01-10 13:13:48,079 - INFO - Converting page 32 to image...
2026-01-10 13:13:48,295 - INFO - Running OCR on page 32...
2026-01-10 13:13:49,992 - INFO - Processing page 33...
2026-01-10 13:13:49,992 - INFO - Converting page 33 to image...
2026-01-10 13:13:50,208 - INFO - Running OCR on page 33...
2026-01-10 13:13:51,921 - INFO - Processing page 34...
2026-01-10 13:13:51,921 - INFO - Converting page 34 to image...
2026-01-10 13:13:52,140 - INFO - Running OCR on page 34...
2026-01-10 13:13:53,831 - INFO - Processing page 35...
2026-01-10 13:13:53,831 - INFO - Converting page 35 to image...
2026-01-10 13:13:54,053 - INFO - Running OCR on page 35...
2026-01-10 13:13:55,666 - INFO - Processing page 36...
2026-01-10 13:13:55,666 - INFO - Converting page 36 to image...
2026-01-10 13:13:55,885 - INFO - Running OCR on page 36...
2026-01-10 13:13:57,568 - INFO - Processing page 37...
2026-01-10 13:13:57,568 - INFO - Converting page 37 to image...
2026-01-10 13:13:57,858 - INFO - Running OCR on page 37...
2026-01-10 13:13:59,574 - INFO - Processing page 38...
2026-01-10 13:13:59,575 - INFO - Converting page 38 to image...
2026-01-10 13:13:59,792 - INFO - Running OCR on page 38...
2026-01-10 13:14:01,464 - INFO - Processing page 39...
2026-01-10 13:14:01,464 - INFO - Converting page 39 to image...
2026-01-10 13:14:01,787 - INFO - Running OCR on page 39...
2026-01-10 13:14:03,518 - INFO - Processing page 40...
2026-01-10 13:14:03,518 - INFO - Converting page 40 to image...
2026-01-10 13:14:03,732 - INFO - Running OCR on page 40...
2026-01-10 13:14:05,380 - INFO - Processing page 41...
2026-01-10 13:14:05,380 - INFO - Converting page 41 to image...
2026-01-10 13:14:05,595 - INFO - Running OCR on page 41...
2026-01-10 13:14:06,958 - INFO - Processing page 42...
2026-01-10 13:14:06,958 - INFO - Converting page 42 to image...
2026-01-10 13:14:07,207 - INFO - Running OCR on page 42...
2026-01-10 13:14:08,716 - INFO - Processing page 43...
2026-01-10 13:14:08,716 - INFO - Converting page 43 to image...
2026-01-10 13:14:08,934 - INFO - Running OCR on page 43...
2026-01-10 13:14:10,315 - INFO - Processing page 44...
2026-01-10 13:14:10,315 - INFO - Converting page 44 to image...
2026-01-10 13:14:10,532 - INFO - Running OCR on page 44...
2026-01-10 13:14:12,163 - INFO - Processing page 45...
2026-01-10 13:14:12,163 - INFO - Converting page 45 to image...
2026-01-10 13:14:12,380 - INFO - Running OCR on page 45...
2026-01-10 13:14:14,186 - INFO - Processing page 46...
2026-01-10 13:14:14,186 - INFO - Converting page 46 to image...
2026-01-10 13:14:14,409 - INFO - Running OCR on page 46...
2026-01-10 13:14:16,063 - INFO - Processing page 47...
2026-01-10 13:14:16,063 - INFO - Converting page 47 to image...
2026-01-10 13:14:16,284 - INFO - Running OCR on page 47...
2026-01-10 13:14:18,076 - INFO - Processing page 48...
2026-01-10 13:14:18,076 - INFO - Converting page 48 to image...
2026-01-10 13:14:18,296 - INFO - Running OCR on page 48...
2026-01-10 13:14:19,913 - INFO - Processing page 49...
2026-01-10 13:14:19,914 - INFO - Converting page 49 to image...
2026-01-10 13:14:20,134 - INFO - Running OCR on page 49...
2026-01-10 13:14:21,967 - INFO - Processing page 50...
2026-01-10 13:14:21,968 - INFO - Converting page 50 to image...
2026-01-10 13:14:22,188 - INFO - Running OCR on page 50...
2026-01-10 13:14:23,915 - INFO - Processing page 51...
2026-01-10 13:14:23,916 - INFO - Converting page 51 to image...
2026-01-10 13:14:24,138 - INFO - Running OCR on page 51...
2026-01-10 13:14:25,781 - INFO - Processing page 52...
2026-01-10 13:14:25,782 - INFO - Converting page 52 to image...
2026-01-10 13:14:26,013 - INFO - Running OCR on page 52...
2026-01-10 13:14:27,801 - INFO - Processing page 53...
2026-01-10 13:14:27,801 - INFO - Converting page 53 to image...
2026-01-10 13:14:28,021 - INFO - Running OCR on page 53...
2026-01-10 13:14:29,738 - INFO - Processing page 54...
2026-01-10 13:14:29,738 - INFO - Converting page 54 to image...
2026-01-10 13:14:29,962 - INFO - Running OCR on page 54...
2026-01-10 13:14:31,509 - INFO - Processing page 55...
2026-01-10 13:14:31,510 - INFO - Converting page 55 to image...
2026-01-10 13:14:31,732 - INFO - Running OCR on page 55...
2026-01-10 13:14:33,462 - INFO - Processing page 56...
2026-01-10 13:14:33,462 - INFO - Converting page 56 to image...
2026-01-10 13:14:33,681 - INFO - Running OCR on page 56...
2026-01-10 13:14:35,525 - INFO - Processing page 57...
2026-01-10 13:14:35,526 - INFO - Converting page 57 to image...
2026-01-10 13:14:35,745 - INFO - Running OCR on page 57...
2026-01-10 13:14:37,250 - INFO - Processing page 58...
2026-01-10 13:14:37,250 - INFO - Converting page 58 to image...
2026-01-10 13:14:37,569 - INFO - Running OCR on page 58...
2026-01-10 13:14:39,269 - INFO - Processing page 59...
2026-01-10 13:14:39,269 - INFO - Converting page 59 to image...
2026-01-10 13:14:39,490 - INFO - Running OCR on page 59...
2026-01-10 13:14:41,112 - INFO - Processing page 60...
2026-01-10 13:14:41,113 - INFO - Converting page 60 to image...
2026-01-10 13:14:41,333 - INFO - Running OCR on page 60...
2026-01-10 13:14:43,077 - INFO - Processing page 61...
2026-01-10 13:14:43,077 - INFO - Converting page 61 to image...
2026-01-10 13:14:43,304 - INFO - Running OCR on page 61...
2026-01-10 13:14:45,025 - INFO - Processing page 62...
2026-01-10 13:14:45,025 - INFO - Converting page 62 to image...
2026-01-10 13:14:45,246 - INFO - Running OCR on page 62...
2026-01-10 13:14:46,858 - INFO - Processing page 63...
2026-01-10 13:14:46,858 - INFO - Converting page 63 to image...
2026-01-10 13:14:47,210 - INFO - Running OCR on page 63...
2026-01-10 13:14:48,908 - INFO - Processing page 64...
2026-01-10 13:14:48,908 - INFO - Converting page 64 to image...
2026-01-10 13:14:49,212 - INFO - Running OCR on page 64...
2026-01-10 13:14:50,889 - INFO - Processing page 65...
2026-01-10 13:14:50,889 - INFO - Converting page 65 to image...
2026-01-10 13:14:51,108 - INFO - Running OCR on page 65...
2026-01-10 13:14:52,816 - INFO - Processing page 66...
2026-01-10 13:14:52,817 - INFO - Converting page 66 to image...
2026-01-10 13:14:53,036 - INFO - Running OCR on page 66...
2026-01-10 13:14:54,730 - INFO - Processing page 67...
2026-01-10 13:14:54,731 - INFO - Converting page 67 to image...
2026-01-10 13:14:54,979 - INFO - Running OCR on page 67...
2026-01-10 13:14:56,467 - INFO - Processing page 68...
2026-01-10 13:14:56,467 - INFO - Converting page 68 to image...
2026-01-10 13:14:56,687 - INFO - Running OCR on page 68...
2026-01-10 13:14:58,193 - INFO - Processing page 69...
2026-01-10 13:14:58,193 - INFO - Converting page 69 to image...
2026-01-10 13:14:58,410 - INFO - Running OCR on page 69...
2026-01-10 13:14:59,899 - INFO - Processing page 70...
2026-01-10 13:14:59,899 - INFO - Converting page 70 to image...
2026-01-10 13:15:00,066 - INFO - Running OCR on page 70...
2026-01-10 13:15:00,766 - INFO - Inferred missing District from address: ব্রাহ্মণবাড়িয়া
2026-01-10 13:15:00,777 - INFO - Data successfully saved to output_data.json
2026-01-10 13:15:00,778 - INFO - Extraction complete.
2026-01-10 13:29:04,928 - INFO - Starting extraction for sample.pdf.pdf
2026-01-10 13:29:04,967 - INFO - PDF opened. Total pages: 70
2026-01-10 13:29:04,968 - INFO - Extracting Metadata from Page 1...
2026-01-10 13:29:04,968 - INFO - Converting page 1 to image...
2026-01-10 13:29:05,213 - INFO - Running OCR on page 1...
2026-01-10 13:29:05,866 - INFO - Header Page Text Dump:
বাংলাদেশ
নির্বাচন কমিশন

গু

ভোটার তালিকা - মেহিলা)

উপজেলা/থানা সরাইল
ইউনিয়ন/ পৌর ওয়ার্ড। অরুয়াইল
ক্যান্টনমেন্ট বোর্ড

ভোটার এলাকা ধামাউরা উত্তর পশ্চিম অংশ)

সিটি কর্পোরেশন/ পৌরসভা

ওয়ার্ড নম্বর (ইউনিয়ন পরিষদের জন্য)
সর্বমোট ভোটার সংখ্যা

ভোটার এলাকার নম্বর ০৭০৯

ভোটার তালিকা প্রকাশের তারিখ: ২৪/১১/২০২৫

মোট মহিলা ভোটার সংখ্যা

২
২৮৪০

১২০৬

2026-01-10 13:29:05,866 - INFO - Extracted Metadata (Initial): {'upazila': 'সরাইল', 'union': 'পৌর ওয়ার্ড। অরুয়াইল', 'voter_area': 'ধামাউরা উত্তর পশ্চিম অংশ)', 'voter_area_code': '০৭০৯'}
2026-01-10 13:29:05,866 - INFO - Processing page 3...
2026-01-10 13:29:05,866 - INFO - Converting page 3 to image...
2026-01-10 13:29:06,093 - INFO - Running OCR on page 3...
2026-01-10 13:29:07,780 - INFO - Inferred missing District from address: ব্রাহ্মণবাড়িয়া
2026-01-10 13:29:07,781 - INFO - Data successfully saved to output_data.json
2026-01-10 13:29:07,782 - INFO - Extraction complete.
