2026-01-10 13:21:36,904 - INFO - PDF opened. Total pages: 70
2026-01-10 13:21:36,904 - INFO - Extracting Metadata from Page 1...
2026-01-10 13:21:36,904 - INFO - Converting page 1 to image...
2026-01-10 13:21:37,139 - INFO - Running OCR on page 1...
2026-01-10 13:21:37,808 - INFO - Header Page Text Dump:
বাংলাদেশ
নির্বাচন কমিশন

গু

ভোটার তালিকা - মেহিলা)

উপজেলা/থানা সরাইল
ইউনিয়ন/ পৌর ওয়ার্ড। অরুয়াইল
ক্যান্টনমেন্ট বোর্ড

ভোটার এলাকা ধামাউরা উত্তর পশ্চিম অংশ)

সিটি কর্পোরেশন/ পৌরসভা

ওয়ার্ড নম্বর (ইউনিয়ন পরিষদের জন্য)
সর্বমোট ভোটার সংখ্যা

ভোটার এলাকার নম্বর ০৭০৯

ভোটার তালিকা প্রকাশের তারিখ: ২৪/১১/২০২৫

মোট মহিলা ভোটার সংখ্যা

২
২৮৪০

১২০৬

2026-01-10 13:21:37,810 - INFO - Extracted Metadata (Initial): {'upazila': 'সরাইল', 'union': 'পৌর ওয়ার্ড। অরুয়াইল', 'voter_area': 'ধামাউরা উত্তর পশ্চিম অংশ)', 'voter_area_code': '০৭০৯'}
2026-01-10 13:21:37,810 - INFO - Processing page 1...
2026-01-10 13:21:37,810 - INFO - Converting page 1 to image...
2026-01-10 13:21:38,028 - INFO - Running OCR on page 1...
2026-01-10 13:21:38,693 - INFO - Processing page 2...
2026-01-10 13:21:38,693 - INFO - Converting page 2 to image...
2026-01-10 13:21:38,824 - INFO - Running OCR on page 2...
2026-01-10 13:21:39,291 - INFO - Processing page 3...
2026-01-10 13:21:39,292 - INFO - Converting page 3 to image...
2026-01-10 13:21:39,514 - INFO - Running OCR on page 3...
2026-01-10 13:21:41,271 - INFO - Processing page 4...
2026-01-10 13:21:41,271 - INFO - Converting page 4 to image...
2026-01-10 13:21:41,522 - INFO - Running OCR on page 4...
2026-01-10 13:21:43,230 - INFO - Processing page 5...
2026-01-10 13:21:43,230 - INFO - Converting page 5 to image...
2026-01-10 13:21:43,472 - INFO - Running OCR on page 5...
2026-01-10 13:21:45,204 - INFO - Processing page 6...
2026-01-10 13:21:45,204 - INFO - Converting page 6 to image...
2026-01-10 13:21:45,449 - INFO - Running OCR on page 6...
2026-01-10 13:21:46,921 - INFO - Processing page 7...
2026-01-10 13:21:46,921 - INFO - Converting page 7 to image...
2026-01-10 13:21:47,143 - INFO - Running OCR on page 7...
2026-01-10 13:21:48,839 - INFO - Processing page 8...
2026-01-10 13:21:48,839 - INFO - Converting page 8 to image...
2026-01-10 13:21:49,076 - INFO - Running OCR on page 8...
2026-01-10 13:21:50,775 - INFO - Processing page 9...
2026-01-10 13:21:50,776 - INFO - Converting page 9 to image...
2026-01-10 13:21:51,009 - INFO - Running OCR on page 9...
2026-01-10 13:21:52,698 - INFO - Processing page 10...
2026-01-10 13:21:52,699 - INFO - Converting page 10 to image...
2026-01-10 13:21:52,967 - INFO - Running OCR on page 10...
2026-01-10 13:21:54,676 - INFO - Processing page 11...
2026-01-10 13:21:54,676 - INFO - Converting page 11 to image...
2026-01-10 13:21:54,911 - INFO - Running OCR on page 11...
2026-01-10 13:21:56,638 - INFO - Processing page 12...
2026-01-10 13:21:56,638 - INFO - Converting page 12 to image...
2026-01-10 13:21:56,888 - INFO - Running OCR on page 12...
2026-01-10 13:21:58,760 - INFO - Processing page 13...
2026-01-10 13:21:58,761 - INFO - Converting page 13 to image...
2026-01-10 13:21:58,993 - INFO - Running OCR on page 13...
2026-01-10 13:22:00,722 - INFO - Processing page 14...
2026-01-10 13:22:00,723 - INFO - Converting page 14 to image...
2026-01-10 13:22:00,948 - INFO - Running OCR on page 14...
2026-01-10 13:22:02,617 - INFO - Processing page 15...
2026-01-10 13:22:02,617 - INFO - Converting page 15 to image...
2026-01-10 13:22:02,847 - INFO - Running OCR on page 15...
2026-01-10 13:22:04,613 - INFO - Processing page 16...
2026-01-10 13:22:04,613 - INFO - Converting page 16 to image...
2026-01-10 13:22:04,834 - INFO - Running OCR on page 16...
2026-01-10 13:22:06,572 - INFO - Processing page 17...
2026-01-10 13:22:06,572 - INFO - Converting page 17 to image...
2026-01-10 13:22:06,790 - INFO - Running OCR on page 17...
2026-01-10 13:22:08,635 - INFO - Processing page 18...
2026-01-10 13:22:08,635 - INFO - Converting page 18 to image...
2026-01-10 13:22:08,875 - INFO - Running OCR on page 18...
2026-01-10 13:22:10,550 - INFO - Processing page 19...
2026-01-10 13:22:10,550 - INFO - Converting page 19 to image...
2026-01-10 13:22:10,774 - INFO - Running OCR on page 19...
2026-01-10 13:22:12,636 - INFO - Processing page 20...
2026-01-10 13:22:12,636 - INFO - Converting page 20 to image...
2026-01-10 13:22:12,858 - INFO - Running OCR on page 20...
2026-01-10 13:22:14,728 - INFO - Processing page 21...
2026-01-10 13:22:14,728 - INFO - Converting page 21 to image...
2026-01-10 13:22:14,948 - INFO - Running OCR on page 21...
2026-01-10 13:22:16,547 - INFO - Processing page 22...
2026-01-10 13:22:16,548 - INFO - Converting page 22 to image...
2026-01-10 13:22:16,771 - INFO - Running OCR on page 22...
2026-01-10 13:22:18,735 - INFO - Processing page 23...
2026-01-10 13:22:18,735 - INFO - Converting page 23 to image...
2026-01-10 13:22:18,954 - INFO - Running OCR on page 23...
2026-01-10 13:22:20,596 - INFO - Processing page 24...
2026-01-10 13:22:20,596 - INFO - Converting page 24 to image...
2026-01-10 13:22:20,817 - INFO - Running OCR on page 24...
2026-01-10 13:22:22,569 - INFO - Processing page 25...
2026-01-10 13:22:22,570 - INFO - Converting page 25 to image...
2026-01-10 13:22:22,808 - INFO - Running OCR on page 25...
2026-01-10 13:22:24,530 - INFO - Processing page 26...
2026-01-10 13:22:24,530 - INFO - Converting page 26 to image...
2026-01-10 13:22:24,751 - INFO - Running OCR on page 26...
2026-01-10 13:22:26,378 - INFO - Processing page 27...
2026-01-10 13:22:26,378 - INFO - Converting page 27 to image...
2026-01-10 13:22:26,599 - INFO - Running OCR on page 27...
2026-01-10 13:22:28,172 - INFO - Processing page 28...
2026-01-10 13:22:28,172 - INFO - Converting page 28 to image...
2026-01-10 13:22:28,388 - INFO - Running OCR on page 28...
2026-01-10 13:22:30,116 - INFO - Processing page 29...
2026-01-10 13:22:30,116 - INFO - Converting page 29 to image...
2026-01-10 13:22:30,331 - INFO - Running OCR on page 29...
2026-01-10 13:22:31,961 - INFO - Processing page 30...
2026-01-10 13:22:31,961 - INFO - Converting page 30 to image...
2026-01-10 13:22:32,179 - INFO - Running OCR on page 30...
2026-01-10 13:22:33,896 - INFO - Processing page 31...
2026-01-10 13:22:33,896 - INFO - Converting page 31 to image...
2026-01-10 13:22:34,164 - INFO - Running OCR on page 31...
2026-01-10 13:22:35,862 - INFO - Processing page 32...
2026-01-10 13:22:35,862 - INFO - Converting page 32 to image...
2026-01-10 13:22:36,085 - INFO - Running OCR on page 32...
2026-01-10 13:22:37,799 - INFO - Processing page 33...
2026-01-10 13:22:37,799 - INFO - Converting page 33 to image...
2026-01-10 13:22:38,021 - INFO - Running OCR on page 33...
2026-01-10 13:22:39,746 - INFO - Processing page 34...
2026-01-10 13:22:39,747 - INFO - Converting page 34 to image...
2026-01-10 13:22:39,965 - INFO - Running OCR on page 34...
2026-01-10 13:22:41,605 - INFO - Processing page 35...
2026-01-10 13:22:41,606 - INFO - Converting page 35 to image...
2026-01-10 13:22:41,832 - INFO - Running OCR on page 35...
2026-01-10 13:22:43,462 - INFO - Processing page 36...
2026-01-10 13:22:43,462 - INFO - Converting page 36 to image...
2026-01-10 13:22:43,690 - INFO - Running OCR on page 36...
2026-01-10 13:22:45,385 - INFO - Processing page 37...
2026-01-10 13:22:45,385 - INFO - Converting page 37 to image...
2026-01-10 13:22:45,606 - INFO - Running OCR on page 37...
2026-01-10 13:22:47,343 - INFO - Processing page 38...
2026-01-10 13:22:47,343 - INFO - Converting page 38 to image...
2026-01-10 13:22:47,563 - INFO - Running OCR on page 38...
2026-01-10 13:22:49,251 - INFO - Processing page 39...
2026-01-10 13:22:49,251 - INFO - Converting page 39 to image...
2026-01-10 13:22:49,481 - INFO - Running OCR on page 39...
2026-01-10 13:22:51,215 - INFO - Processing page 40...
2026-01-10 13:22:51,215 - INFO - Converting page 40 to image...
2026-01-10 13:22:51,429 - INFO - Running OCR on page 40...
2026-01-10 13:22:53,075 - INFO - Processing page 41...
2026-01-10 13:22:53,075 - INFO - Converting page 41 to image...
2026-01-10 13:22:53,290 - INFO - Running OCR on page 41...
2026-01-10 13:22:54,658 - INFO - Processing page 42...
2026-01-10 13:22:54,658 - INFO - Converting page 42 to image...
2026-01-10 13:22:54,873 - INFO - Running OCR on page 42...
2026-01-10 13:22:56,397 - INFO - Processing page 43...
2026-01-10 13:22:56,398 - INFO - Converting page 43 to image...
2026-01-10 13:22:56,616 - INFO - Running OCR on page 43...
2026-01-10 13:22:58,022 - INFO - Processing page 44...
2026-01-10 13:22:58,022 - INFO - Converting page 44 to image...
2026-01-10 13:22:58,241 - INFO - Running OCR on page 44...
2026-01-10 13:22:59,873 - INFO - Processing page 45...
2026-01-10 13:22:59,873 - INFO - Converting page 45 to image...
2026-01-10 13:23:00,089 - INFO - Running OCR on page 45...
2026-01-10 13:23:01,895 - INFO - Processing page 46...
2026-01-10 13:23:01,895 - INFO - Converting page 46 to image...
2026-01-10 13:23:02,115 - INFO - Running OCR on page 46...
2026-01-10 13:23:03,774 - INFO - Processing page 47...
2026-01-10 13:23:03,775 - INFO - Converting page 47 to image...
2026-01-10 13:23:03,997 - INFO - Running OCR on page 47...
2026-01-10 13:23:05,761 - INFO - Processing page 48...
2026-01-10 13:23:05,761 - INFO - Converting page 48 to image...
2026-01-10 13:23:05,981 - INFO - Running OCR on page 48...
2026-01-10 13:23:07,628 - INFO - Processing page 49...
2026-01-10 13:23:07,628 - INFO - Converting page 49 to image...
2026-01-10 13:23:07,845 - INFO - Running OCR on page 49...
2026-01-10 13:23:09,680 - INFO - Processing page 50...
2026-01-10 13:23:09,681 - INFO - Converting page 50 to image...
2026-01-10 13:23:09,908 - INFO - Running OCR on page 50...
2026-01-10 13:23:11,668 - INFO - Processing page 51...
2026-01-10 13:23:11,669 - INFO - Converting page 51 to image...
2026-01-10 13:23:11,890 - INFO - Running OCR on page 51...
2026-01-10 13:23:13,553 - INFO - Processing page 52...
2026-01-10 13:23:13,553 - INFO - Converting page 52 to image...
2026-01-10 13:23:13,777 - INFO - Running OCR on page 52...
2026-01-10 13:23:15,575 - INFO - Processing page 53...
2026-01-10 13:23:15,575 - INFO - Converting page 53 to image...
2026-01-10 13:23:15,796 - INFO - Running OCR on page 53...
2026-01-10 13:23:17,518 - INFO - Processing page 54...
2026-01-10 13:23:17,518 - INFO - Converting page 54 to image...
2026-01-10 13:23:17,733 - INFO - Running OCR on page 54...
2026-01-10 13:23:19,294 - INFO - Processing page 55...
2026-01-10 13:23:19,294 - INFO - Converting page 55 to image...
2026-01-10 13:23:19,512 - INFO - Running OCR on page 55...
2026-01-10 13:23:21,255 - INFO - Processing page 56...
2026-01-10 13:23:21,256 - INFO - Converting page 56 to image...
2026-01-10 13:23:21,475 - INFO - Running OCR on page 56...
2026-01-10 13:23:23,321 - INFO - Processing page 57...
2026-01-10 13:23:23,321 - INFO - Converting page 57 to image...
2026-01-10 13:23:23,542 - INFO - Running OCR on page 57...
2026-01-10 13:23:25,046 - INFO - Processing page 58...
2026-01-10 13:23:25,046 - INFO - Converting page 58 to image...
2026-01-10 13:23:25,266 - INFO - Running OCR on page 58...
2026-01-10 13:23:26,966 - INFO - Processing page 59...
2026-01-10 13:23:26,966 - INFO - Converting page 59 to image...
2026-01-10 13:23:27,186 - INFO - Running OCR on page 59...
2026-01-10 13:23:28,804 - INFO - Processing page 60...
2026-01-10 13:23:28,805 - INFO - Converting page 60 to image...
2026-01-10 13:23:29,023 - INFO - Running OCR on page 60...
2026-01-10 13:23:30,749 - INFO - Processing page 61...
2026-01-10 13:23:30,749 - INFO - Converting page 61 to image...
2026-01-10 13:23:30,971 - INFO - Running OCR on page 61...
2026-01-10 13:23:32,638 - INFO - Processing page 62...
2026-01-10 13:23:32,638 - INFO - Converting page 62 to image...
2026-01-10 13:23:32,858 - INFO - Running OCR on page 62...
2026-01-10 13:23:34,469 - INFO - Processing page 63...
2026-01-10 13:23:34,469 - INFO - Converting page 63 to image...
2026-01-10 13:23:34,694 - INFO - Running OCR on page 63...
2026-01-10 13:23:36,428 - INFO - Processing page 64...
2026-01-10 13:23:36,428 - INFO - Converting page 64 to image...
2026-01-10 13:23:36,675 - INFO - Running OCR on page 64...
2026-01-10 13:23:38,362 - INFO - Processing page 65...
2026-01-10 13:23:38,362 - INFO - Converting page 65 to image...
2026-01-10 13:23:38,589 - INFO - Running OCR on page 65...
2026-01-10 13:23:40,314 - INFO - Processing page 66...
2026-01-10 13:23:40,314 - INFO - Converting page 66 to image...
2026-01-10 13:23:40,534 - INFO - Running OCR on page 66...
2026-01-10 13:23:42,214 - INFO - Processing page 67...
2026-01-10 13:23:42,214 - INFO - Converting page 67 to image...
2026-01-10 13:23:42,449 - INFO - Running OCR on page 67...
2026-01-10 13:23:43,979 - INFO - Processing page 68...
2026-01-10 13:23:43,980 - INFO - Converting page 68 to image...
2026-01-10 13:23:44,198 - INFO - Running OCR on page 68...
2026-01-10 13:23:45,719 - INFO - Processing page 69...
2026-01-10 13:23:45,720 - INFO - Converting page 69 to image...
2026-01-10 13:23:45,938 - INFO - Running OCR on page 69...
2026-01-10 13:23:47,444 - INFO - Processing page 70...
2026-01-10 13:23:47,444 - INFO - Converting page 70 to image...
2026-01-10 13:23:47,612 - INFO - Running OCR on page 70...
2026-01-10 13:23:48,313 - INFO - Inferred missing District from address: ব্রাহ্মণবাড়িয়া
2026-01-10 13:31:55,425 - INFO - PDF opened. Total pages: 70
2026-01-10 13:31:55,425 - INFO - Extracting Metadata from Page 1...
2026-01-10 13:31:55,425 - INFO - Converting page 1 to image...
2026-01-10 13:31:55,639 - INFO - Running OCR on page 1...
2026-01-10 13:31:56,309 - INFO - Header Page Text Dump:
বাংলাদেশ
নির্বাচন কমিশন

গু

ভোটার তালিকা - মেহিলা)

উপজেলা/থানা সরাইল
ইউনিয়ন/ পৌর ওয়ার্ড। অরুয়াইল
ক্যান্টনমেন্ট বোর্ড

ভোটার এলাকা ধামাউরা উত্তর পশ্চিম অংশ)

সিটি কর্পোরেশন/ পৌরসভা

ওয়ার্ড নম্বর (ইউনিয়ন পরিষদের জন্য)
সর্বমোট ভোটার সংখ্যা

ভোটার এলাকার নম্বর ০৭০৯

ভোটার তালিকা প্রকাশের তারিখ: ২৪/১১/২০২৫

মোট মহিলা ভোটার সংখ্যা

২
২৮৪০

১২০৬

2026-01-10 13:31:56,310 - INFO - Extracted Metadata (Initial): {'upazila': 'সরাইল', 'union': 'পৌর ওয়ার্ড। অরুয়াইল', 'voter_area': 'ধামাউরা উত্তর পশ্চিম অংশ)', 'voter_area_code': '০৭০৯'}
2026-01-10 13:31:56,310 - INFO - Processing page 1...
2026-01-10 13:31:56,310 - INFO - Converting page 1 to image...
2026-01-10 13:31:56,505 - INFO - Running OCR on page 1...
2026-01-10 13:31:57,163 - INFO - Processing page 2...
2026-01-10 13:31:57,164 - INFO - Converting page 2 to image...
2026-01-10 13:31:57,285 - INFO - Running OCR on page 2...
2026-01-10 13:31:57,753 - INFO - Processing page 3...
2026-01-10 13:31:57,753 - INFO - Converting page 3 to image...
2026-01-10 13:31:57,969 - INFO - Running OCR on page 3...
2026-01-10 13:31:59,627 - INFO - Processing page 4...
2026-01-10 13:31:59,627 - INFO - Converting page 4 to image...
2026-01-10 13:31:59,848 - INFO - Running OCR on page 4...
2026-01-10 13:32:01,424 - INFO - Processing page 5...
2026-01-10 13:32:01,425 - INFO - Converting page 5 to image...
2026-01-10 13:32:01,648 - INFO - Running OCR on page 5...
2026-01-10 13:32:03,280 - INFO - Processing page 6...
2026-01-10 13:32:03,280 - INFO - Converting page 6 to image...
2026-01-10 13:32:03,496 - INFO - Running OCR on page 6...
2026-01-10 13:32:04,902 - INFO - Processing page 7...
2026-01-10 13:32:04,902 - INFO - Converting page 7 to image...
2026-01-10 13:32:05,124 - INFO - Running OCR on page 7...
2026-01-10 13:32:06,724 - INFO - Processing page 8...
2026-01-10 13:32:06,725 - INFO - Converting page 8 to image...
2026-01-10 13:32:06,947 - INFO - Running OCR on page 8...
2026-01-10 13:32:08,548 - INFO - Processing page 9...
2026-01-10 13:32:08,548 - INFO - Converting page 9 to image...
2026-01-10 13:32:08,814 - INFO - Running OCR on page 9...
2026-01-10 13:32:10,383 - INFO - Processing page 10...
2026-01-10 13:32:10,383 - INFO - Converting page 10 to image...
2026-01-10 13:32:10,599 - INFO - Running OCR on page 10...
2026-01-10 13:32:12,247 - INFO - Processing page 11...
2026-01-10 13:32:12,247 - INFO - Converting page 11 to image...
2026-01-10 13:32:12,464 - INFO - Running OCR on page 11...
2026-01-10 13:32:14,121 - INFO - Processing page 12...
2026-01-10 13:32:14,121 - INFO - Converting page 12 to image...
2026-01-10 13:32:14,350 - INFO - Running OCR on page 12...
2026-01-10 13:32:16,181 - INFO - Processing page 13...
2026-01-10 13:32:16,181 - INFO - Converting page 13 to image...
2026-01-10 13:32:16,405 - INFO - Running OCR on page 13...
2026-01-10 13:32:18,096 - INFO - Processing page 14...
2026-01-10 13:32:18,096 - INFO - Converting page 14 to image...
2026-01-10 13:32:18,321 - INFO - Running OCR on page 14...
2026-01-10 13:32:19,986 - INFO - Processing page 15...
2026-01-10 13:32:19,986 - INFO - Converting page 15 to image...
2026-01-10 13:32:20,205 - INFO - Running OCR on page 15...
2026-01-10 13:32:21,986 - INFO - Processing page 16...
2026-01-10 13:32:21,987 - INFO - Converting page 16 to image...
2026-01-10 13:32:22,207 - INFO - Running OCR on page 16...
2026-01-10 13:32:23,934 - INFO - Processing page 17...
2026-01-10 13:32:23,934 - INFO - Converting page 17 to image...
2026-01-10 13:32:24,150 - INFO - Running OCR on page 17...
2026-01-10 13:32:26,022 - INFO - Processing page 18...
2026-01-10 13:32:26,022 - INFO - Converting page 18 to image...
2026-01-10 13:32:26,242 - INFO - Running OCR on page 18...
2026-01-10 13:32:27,992 - INFO - Processing page 19...
2026-01-10 13:32:27,992 - INFO - Converting page 19 to image...
2026-01-10 13:32:28,223 - INFO - Running OCR on page 19...
2026-01-10 13:32:30,091 - INFO - Processing page 20...
2026-01-10 13:32:30,091 - INFO - Converting page 20 to image...
2026-01-10 13:32:30,315 - INFO - Running OCR on page 20...
2026-01-10 13:32:32,213 - INFO - Processing page 21...
2026-01-10 13:32:32,213 - INFO - Converting page 21 to image...
2026-01-10 13:32:32,442 - INFO - Running OCR on page 21...
2026-01-10 13:32:34,082 - INFO - Processing page 22...
2026-01-10 13:32:34,082 - INFO - Converting page 22 to image...
2026-01-10 13:32:34,304 - INFO - Running OCR on page 22...
2026-01-10 13:32:36,277 - INFO - Processing page 23...
2026-01-10 13:32:36,278 - INFO - Converting page 23 to image...
2026-01-10 13:32:36,507 - INFO - Running OCR on page 23...
2026-01-10 13:32:38,139 - INFO - Processing page 24...
2026-01-10 13:32:38,140 - INFO - Converting page 24 to image...
2026-01-10 13:32:38,363 - INFO - Running OCR on page 24...
2026-01-10 13:32:40,108 - INFO - Processing page 25...
2026-01-10 13:32:40,109 - INFO - Converting page 25 to image...
2026-01-10 13:32:40,334 - INFO - Running OCR on page 25...
2026-01-10 13:32:42,068 - INFO - Processing page 26...
2026-01-10 13:32:42,068 - INFO - Converting page 26 to image...
2026-01-10 13:32:42,290 - INFO - Running OCR on page 26...
2026-01-10 13:32:43,889 - INFO - Processing page 27...
2026-01-10 13:32:43,889 - INFO - Converting page 27 to image...
2026-01-10 13:32:44,107 - INFO - Running OCR on page 27...
2026-01-10 13:32:45,669 - INFO - Processing page 28...
2026-01-10 13:32:45,669 - INFO - Converting page 28 to image...
2026-01-10 13:32:45,915 - INFO - Running OCR on page 28...
2026-01-10 13:32:47,619 - INFO - Processing page 29...
2026-01-10 13:32:47,619 - INFO - Converting page 29 to image...
2026-01-10 13:32:47,832 - INFO - Running OCR on page 29...
2026-01-10 13:32:49,478 - INFO - Processing page 30...
2026-01-10 13:32:49,479 - INFO - Converting page 30 to image...
2026-01-10 13:32:49,697 - INFO - Running OCR on page 30...
2026-01-10 13:32:51,580 - INFO - Processing page 31...
2026-01-10 13:32:51,580 - INFO - Converting page 31 to image...
2026-01-10 13:32:51,840 - INFO - Running OCR on page 31...
2026-01-10 13:32:53,635 - INFO - Processing page 32...
2026-01-10 13:32:53,635 - INFO - Converting page 32 to image...
2026-01-10 13:32:53,866 - INFO - Running OCR on page 32...
2026-01-10 13:32:55,567 - INFO - Processing page 33...
2026-01-10 13:32:55,568 - INFO - Converting page 33 to image...
2026-01-10 13:32:55,793 - INFO - Running OCR on page 33...
2026-01-10 13:32:57,525 - INFO - Processing page 34...
2026-01-10 13:32:57,525 - INFO - Converting page 34 to image...
2026-01-10 13:32:57,743 - INFO - Running OCR on page 34...
2026-01-10 13:32:59,385 - INFO - Processing page 35...
2026-01-10 13:32:59,386 - INFO - Converting page 35 to image...
2026-01-10 13:32:59,607 - INFO - Running OCR on page 35...
2026-01-10 13:33:01,231 - INFO - Processing page 36...
2026-01-10 13:33:01,232 - INFO - Converting page 36 to image...
2026-01-10 13:33:01,455 - INFO - Running OCR on page 36...
2026-01-10 13:33:03,143 - INFO - Processing page 37...
2026-01-10 13:33:03,143 - INFO - Converting page 37 to image...
2026-01-10 13:33:03,368 - INFO - Running OCR on page 37...
2026-01-10 13:33:05,109 - INFO - Processing page 38...
2026-01-10 13:33:05,109 - INFO - Converting page 38 to image...
2026-01-10 13:33:05,329 - INFO - Running OCR on page 38...
2026-01-10 13:33:07,014 - INFO - Processing page 39...
2026-01-10 13:33:07,014 - INFO - Converting page 39 to image...
2026-01-10 13:33:07,243 - INFO - Running OCR on page 39...
2026-01-10 13:33:08,996 - INFO - Processing page 40...
2026-01-10 13:33:08,996 - INFO - Converting page 40 to image...
2026-01-10 13:33:09,212 - INFO - Running OCR on page 40...
2026-01-10 13:33:10,857 - INFO - Processing page 41...
2026-01-10 13:33:10,857 - INFO - Converting page 41 to image...
2026-01-10 13:33:11,093 - INFO - Running OCR on page 41...
2026-01-10 13:33:12,459 - INFO - Processing page 42...
2026-01-10 13:33:12,459 - INFO - Converting page 42 to image...
2026-01-10 13:33:12,680 - INFO - Running OCR on page 42...
2026-01-10 13:33:14,207 - INFO - Processing page 43...
2026-01-10 13:33:14,207 - INFO - Converting page 43 to image...
2026-01-10 13:33:14,423 - INFO - Running OCR on page 43...
2026-01-10 13:33:15,809 - INFO - Processing page 44...
2026-01-10 13:33:15,810 - INFO - Converting page 44 to image...
2026-01-10 13:33:16,031 - INFO - Running OCR on page 44...
2026-01-10 13:33:17,662 - INFO - Processing page 45...
2026-01-10 13:33:17,662 - INFO - Converting page 45 to image...
2026-01-10 13:33:17,881 - INFO - Running OCR on page 45...
2026-01-10 13:33:19,681 - INFO - Processing page 46...
2026-01-10 13:33:19,681 - INFO - Converting page 46 to image...
2026-01-10 13:33:19,902 - INFO - Running OCR on page 46...
2026-01-10 13:33:21,559 - INFO - Processing page 47...
2026-01-10 13:33:21,559 - INFO - Converting page 47 to image...
2026-01-10 13:33:21,782 - INFO - Running OCR on page 47...
2026-01-10 13:33:23,563 - INFO - Processing page 48...
2026-01-10 13:33:23,563 - INFO - Converting page 48 to image...
2026-01-10 13:33:23,784 - INFO - Running OCR on page 48...
2026-01-10 13:33:25,410 - INFO - Processing page 49...
2026-01-10 13:33:25,410 - INFO - Converting page 49 to image...
2026-01-10 13:33:25,631 - INFO - Running OCR on page 49...
2026-01-10 13:33:27,466 - INFO - Processing page 50...
2026-01-10 13:33:27,466 - INFO - Converting page 50 to image...
2026-01-10 13:33:27,686 - INFO - Running OCR on page 50...
2026-01-10 13:33:29,434 - INFO - Processing page 51...
2026-01-10 13:33:29,434 - INFO - Converting page 51 to image...
2026-01-10 13:33:29,664 - INFO - Running OCR on page 51...
2026-01-10 13:33:31,351 - INFO - Processing page 52...
2026-01-10 13:33:31,351 - INFO - Converting page 52 to image...
2026-01-10 13:33:31,578 - INFO - Running OCR on page 52...
2026-01-10 13:33:33,387 - INFO - Processing page 53...
2026-01-10 13:33:33,387 - INFO - Converting page 53 to image...
2026-01-10 13:33:33,608 - INFO - Running OCR on page 53...
2026-01-10 13:33:35,345 - INFO - Processing page 54...
2026-01-10 13:33:35,346 - INFO - Converting page 54 to image...
2026-01-10 13:33:35,565 - INFO - Running OCR on page 54...
2026-01-10 13:33:37,168 - INFO - Processing page 55...
2026-01-10 13:33:37,168 - INFO - Converting page 55 to image...
2026-01-10 13:33:37,392 - INFO - Running OCR on page 55...
2026-01-10 13:33:39,116 - INFO - Processing page 56...
2026-01-10 13:33:39,116 - INFO - Converting page 56 to image...
2026-01-10 13:33:39,335 - INFO - Running OCR on page 56...
2026-01-10 13:33:41,174 - INFO - Processing page 57...
2026-01-10 13:33:41,174 - INFO - Converting page 57 to image...
2026-01-10 13:33:41,394 - INFO - Running OCR on page 57...
2026-01-10 13:33:42,944 - INFO - Processing page 58...
2026-01-10 13:33:42,944 - INFO - Converting page 58 to image...
2026-01-10 13:33:43,166 - INFO - Running OCR on page 58...
2026-01-10 13:33:44,869 - INFO - Processing page 59...
2026-01-10 13:33:44,869 - INFO - Converting page 59 to image...
2026-01-10 13:33:45,089 - INFO - Running OCR on page 59...
2026-01-10 13:33:46,721 - INFO - Processing page 60...
2026-01-10 13:33:46,722 - INFO - Converting page 60 to image...
2026-01-10 13:33:46,945 - INFO - Running OCR on page 60...
2026-01-10 13:33:48,683 - INFO - Processing page 61...
2026-01-10 13:33:48,684 - INFO - Converting page 61 to image...
2026-01-10 13:33:48,902 - INFO - Running OCR on page 61...
2026-01-10 13:33:50,578 - INFO - Processing page 62...
2026-01-10 13:33:50,578 - INFO - Converting page 62 to image...
2026-01-10 13:33:50,797 - INFO - Running OCR on page 62...
2026-01-10 13:33:52,396 - INFO - Processing page 63...
2026-01-10 13:33:52,396 - INFO - Converting page 63 to image...
2026-01-10 13:33:52,616 - INFO - Running OCR on page 63...
2026-01-10 13:33:54,333 - INFO - Processing page 64...
2026-01-10 13:33:54,334 - INFO - Converting page 64 to image...
2026-01-10 13:33:54,557 - INFO - Running OCR on page 64...
2026-01-10 13:33:56,239 - INFO - Processing page 65...
2026-01-10 13:33:56,239 - INFO - Converting page 65 to image...
2026-01-10 13:33:56,455 - INFO - Running OCR on page 65...
2026-01-10 13:33:58,196 - INFO - Processing page 66...
2026-01-10 13:33:58,196 - INFO - Converting page 66 to image...
2026-01-10 13:33:58,417 - INFO - Running OCR on page 66...
2026-01-10 13:34:00,174 - INFO - Processing page 67...
2026-01-10 13:34:00,174 - INFO - Converting page 67 to image...
2026-01-10 13:34:00,396 - INFO - Running OCR on page 67...
2026-01-10 13:34:01,888 - INFO - Processing page 68...
2026-01-10 13:34:01,888 - INFO - Converting page 68 to image...
2026-01-10 13:34:02,109 - INFO - Running OCR on page 68...
2026-01-10 13:34:03,633 - INFO - Processing page 69...
2026-01-10 13:34:03,633 - INFO - Converting page 69 to image...
2026-01-10 13:34:03,851 - INFO - Running OCR on page 69...
2026-01-10 13:34:05,369 - INFO - Processing page 70...
2026-01-10 13:34:05,369 - INFO - Converting page 70 to image...
2026-01-10 13:34:05,537 - INFO - Running OCR on page 70...
2026-01-10 13:34:06,248 - INFO - Inferred missing District from address: ব্রাহ্মণবাড়িয়া
2026-01-10 13:36:56,973 - INFO - PDF opened. Total pages: 70
2026-01-10 13:36:56,974 - INFO - Extracting Metadata from Page 1...
2026-01-10 13:36:56,974 - INFO - Converting page 1 to image...
2026-01-10 13:36:57,191 - INFO - Running OCR on page 1...
2026-01-10 13:36:57,920 - INFO - Header Page Text Dump:
বাংলাদেশ
নির্বাচন কমিশন

গু

ভোটার তালিকা - মেহিলা)

উপজেলা/থানা সরাইল
ইউনিয়ন/ পৌর ওয়ার্ড। অরুয়াইল
ক্যান্টনমেন্ট বোর্ড

ভোটার এলাকা ধামাউরা উত্তর পশ্চিম অংশ)

সিটি কর্পোরেশন/ পৌরসভা

ওয়ার্ড নম্বর (ইউনিয়ন পরিষদের জন্য)
সর্বমোট ভোটার সংখ্যা

ভোটার এলাকার নম্বর ০৭০৯

ভোটার তালিকা প্রকাশের তারিখ: ২৪/১১/২০২৫

মোট মহিলা ভোটার সংখ্যা

২
২৮৪০

১২০৬

2026-01-10 13:36:57,921 - INFO - Extracted Metadata (Initial): {'upazila': 'সরাইল', 'union': 'পৌর ওয়ার্ড। অরুয়াইল', 'voter_area': 'ধামাউরা উত্তর পশ্চিম অংশ)', 'voter_area_code': '০৭০৯'}
2026-01-10 13:36:57,921 - INFO - Processing page 1...
2026-01-10 13:36:57,921 - INFO - Converting page 1 to image...
2026-01-10 13:36:58,113 - INFO - Running OCR on page 1...
2026-01-10 13:36:58,779 - INFO - Processing page 2...
2026-01-10 13:36:58,780 - INFO - Converting page 2 to image...
2026-01-10 13:36:58,901 - INFO - Running OCR on page 2...
2026-01-10 13:36:59,392 - INFO - Processing page 3...
2026-01-10 13:36:59,392 - INFO - Converting page 3 to image...
2026-01-10 13:36:59,704 - INFO - Running OCR on page 3...
2026-01-10 13:37:01,383 - INFO - Processing page 4...
2026-01-10 13:37:01,383 - INFO - Converting page 4 to image...
2026-01-10 13:37:01,602 - INFO - Running OCR on page 4...
2026-01-10 13:37:03,194 - INFO - Processing page 5...
2026-01-10 13:37:03,194 - INFO - Converting page 5 to image...
2026-01-10 13:37:03,417 - INFO - Running OCR on page 5...
2026-01-10 13:37:05,050 - INFO - Processing page 6...
2026-01-10 13:37:05,050 - INFO - Converting page 6 to image...
2026-01-10 13:37:05,272 - INFO - Running OCR on page 6...
2026-01-10 13:37:06,675 - INFO - Processing page 7...
2026-01-10 13:37:06,675 - INFO - Converting page 7 to image...
2026-01-10 13:37:06,894 - INFO - Running OCR on page 7...
2026-01-10 13:37:08,537 - INFO - Processing page 8...
2026-01-10 13:37:08,538 - INFO - Converting page 8 to image...
2026-01-10 13:37:08,759 - INFO - Running OCR on page 8...
2026-01-10 13:37:10,388 - INFO - Processing page 9...
2026-01-10 13:37:10,389 - INFO - Converting page 9 to image...
2026-01-10 13:37:10,615 - INFO - Running OCR on page 9...
2026-01-10 13:37:12,214 - INFO - Processing page 10...
2026-01-10 13:37:12,214 - INFO - Converting page 10 to image...
2026-01-10 13:37:12,431 - INFO - Running OCR on page 10...
2026-01-10 13:37:14,067 - INFO - Processing page 11...
2026-01-10 13:37:14,067 - INFO - Converting page 11 to image...
2026-01-10 13:37:14,294 - INFO - Running OCR on page 11...
2026-01-10 13:37:15,987 - INFO - Processing page 12...
2026-01-10 13:37:15,988 - INFO - Converting page 12 to image...
2026-01-10 13:37:16,216 - INFO - Running OCR on page 12...
2026-01-10 13:37:18,072 - INFO - Processing page 13...
2026-01-10 13:37:18,072 - INFO - Converting page 13 to image...
2026-01-10 13:37:18,298 - INFO - Running OCR on page 13...
2026-01-10 13:37:20,000 - INFO - Processing page 14...
2026-01-10 13:37:20,000 - INFO - Converting page 14 to image...
2026-01-10 13:37:20,227 - INFO - Running OCR on page 14...
2026-01-10 13:37:21,913 - INFO - Processing page 15...
2026-01-10 13:37:21,913 - INFO - Converting page 15 to image...
2026-01-10 13:37:22,137 - INFO - Running OCR on page 15...
2026-01-10 13:37:23,910 - INFO - Processing page 16...
2026-01-10 13:37:23,910 - INFO - Converting page 16 to image...
2026-01-10 13:37:24,133 - INFO - Running OCR on page 16...
2026-01-10 13:37:25,864 - INFO - Processing page 17...
2026-01-10 13:37:25,864 - INFO - Converting page 17 to image...
2026-01-10 13:37:26,086 - INFO - Running OCR on page 17...
2026-01-10 13:37:27,972 - INFO - Processing page 18...
2026-01-10 13:37:27,973 - INFO - Converting page 18 to image...
2026-01-10 13:37:28,194 - INFO - Running OCR on page 18...
2026-01-10 13:37:29,868 - INFO - Processing page 19...
2026-01-10 13:37:29,869 - INFO - Converting page 19 to image...
2026-01-10 13:37:30,089 - INFO - Running OCR on page 19...
2026-01-10 13:37:31,918 - INFO - Processing page 20...
2026-01-10 13:37:31,918 - INFO - Converting page 20 to image...
2026-01-10 13:37:32,139 - INFO - Running OCR on page 20...
2026-01-10 13:37:34,026 - INFO - Processing page 21...
2026-01-10 13:37:34,027 - INFO - Converting page 21 to image...
2026-01-10 13:37:34,245 - INFO - Running OCR on page 21...
2026-01-10 13:37:35,869 - INFO - Processing page 22...
2026-01-10 13:37:35,869 - INFO - Converting page 22 to image...
2026-01-10 13:37:36,097 - INFO - Running OCR on page 22...
2026-01-10 13:37:38,062 - INFO - Processing page 23...
2026-01-10 13:37:38,062 - INFO - Converting page 23 to image...
2026-01-10 13:37:38,285 - INFO - Running OCR on page 23...
2026-01-10 13:37:39,937 - INFO - Processing page 24...
2026-01-10 13:37:39,937 - INFO - Converting page 24 to image...
2026-01-10 13:37:40,160 - INFO - Running OCR on page 24...
2026-01-10 13:37:41,924 - INFO - Processing page 25...
2026-01-10 13:37:41,924 - INFO - Converting page 25 to image...
2026-01-10 13:37:42,148 - INFO - Running OCR on page 25...
2026-01-10 13:37:43,866 - INFO - Processing page 26...
2026-01-10 13:37:43,867 - INFO - Converting page 26 to image...
2026-01-10 13:37:44,087 - INFO - Running OCR on page 26...
2026-01-10 13:37:45,726 - INFO - Processing page 27...
2026-01-10 13:37:45,726 - INFO - Converting page 27 to image...
2026-01-10 13:37:45,947 - INFO - Running OCR on page 27...
2026-01-10 13:37:47,564 - INFO - Processing page 28...
2026-01-10 13:37:47,564 - INFO - Converting page 28 to image...
2026-01-10 13:37:47,784 - INFO - Running OCR on page 28...
2026-01-10 13:37:49,509 - INFO - Processing page 29...
2026-01-10 13:37:49,509 - INFO - Converting page 29 to image...
2026-01-10 13:37:49,731 - INFO - Running OCR on page 29...
2026-01-10 13:37:51,411 - INFO - Processing page 30...
2026-01-10 13:37:51,411 - INFO - Converting page 30 to image...
2026-01-10 13:37:51,632 - INFO - Running OCR on page 30...
2026-01-10 13:37:53,396 - INFO - Processing page 31...
2026-01-10 13:37:53,397 - INFO - Converting page 31 to image...
2026-01-10 13:37:53,616 - INFO - Running OCR on page 31...
2026-01-10 13:37:55,353 - INFO - Processing page 32...
2026-01-10 13:37:55,353 - INFO - Converting page 32 to image...
2026-01-10 13:37:55,589 - INFO - Running OCR on page 32...
2026-01-10 13:37:57,328 - INFO - Processing page 33...
2026-01-10 13:37:57,328 - INFO - Converting page 33 to image...
2026-01-10 13:37:57,547 - INFO - Running OCR on page 33...
2026-01-10 13:37:59,307 - INFO - Processing page 34...
2026-01-10 13:37:59,307 - INFO - Converting page 34 to image...
2026-01-10 13:37:59,529 - INFO - Running OCR on page 34...
2026-01-10 13:38:01,210 - INFO - Processing page 35...
2026-01-10 13:38:01,211 - INFO - Converting page 35 to image...
2026-01-10 13:38:01,431 - INFO - Running OCR on page 35...
2026-01-10 13:38:03,104 - INFO - Processing page 36...
2026-01-10 13:38:03,104 - INFO - Converting page 36 to image...
2026-01-10 13:38:03,330 - INFO - Running OCR on page 36...
2026-01-10 13:38:05,053 - INFO - Processing page 37...
2026-01-10 13:38:05,053 - INFO - Converting page 37 to image...
2026-01-10 13:38:05,283 - INFO - Running OCR on page 37...
2026-01-10 13:38:07,037 - INFO - Processing page 38...
2026-01-10 13:38:07,037 - INFO - Converting page 38 to image...
2026-01-10 13:38:07,261 - INFO - Running OCR on page 38...
2026-01-10 13:38:08,999 - INFO - Processing page 39...
2026-01-10 13:38:08,999 - INFO - Converting page 39 to image...
2026-01-10 13:38:09,224 - INFO - Running OCR on page 39...
2026-01-10 13:38:11,022 - INFO - Processing page 40...
2026-01-10 13:38:11,022 - INFO - Converting page 40 to image...
2026-01-10 13:38:11,240 - INFO - Running OCR on page 40...
2026-01-10 13:38:12,871 - INFO - Processing page 41...
2026-01-10 13:38:12,871 - INFO - Converting page 41 to image...
2026-01-10 13:38:13,087 - INFO - Running OCR on page 41...
2026-01-10 13:38:14,470 - INFO - Processing page 42...
2026-01-10 13:38:14,470 - INFO - Converting page 42 to image...
2026-01-10 13:38:14,787 - INFO - Running OCR on page 42...
2026-01-10 13:38:16,335 - INFO - Processing page 43...
2026-01-10 13:38:16,335 - INFO - Converting page 43 to image...
2026-01-10 13:38:16,561 - INFO - Running OCR on page 43...
2026-01-10 13:38:18,008 - INFO - Processing page 44...
2026-01-10 13:38:18,008 - INFO - Converting page 44 to image...
2026-01-10 13:38:18,239 - INFO - Running OCR on page 44...
2026-01-10 13:38:19,953 - INFO - Processing page 45...
2026-01-10 13:38:19,953 - INFO - Converting page 45 to image...
2026-01-10 13:38:20,177 - INFO - Running OCR on page 45...
2026-01-10 13:38:21,976 - INFO - Processing page 46...
2026-01-10 13:38:21,977 - INFO - Converting page 46 to image...
2026-01-10 13:38:22,195 - INFO - Running OCR on page 46...
2026-01-10 13:38:23,844 - INFO - Processing page 47...
2026-01-10 13:38:23,844 - INFO - Converting page 47 to image...
2026-01-10 13:38:24,068 - INFO - Running OCR on page 47...
2026-01-10 13:38:25,902 - INFO - Processing page 48...
2026-01-10 13:38:25,903 - INFO - Converting page 48 to image...
2026-01-10 13:38:26,139 - INFO - Running OCR on page 48...
2026-01-10 13:38:27,898 - INFO - Processing page 49...
2026-01-10 13:38:27,898 - INFO - Converting page 49 to image...
2026-01-10 13:38:28,123 - INFO - Running OCR on page 49...
2026-01-10 13:38:29,977 - INFO - Processing page 50...
2026-01-10 13:38:29,977 - INFO - Converting page 50 to image...
2026-01-10 13:38:30,199 - INFO - Running OCR on page 50...
2026-01-10 13:38:31,975 - INFO - Processing page 51...
2026-01-10 13:38:31,975 - INFO - Converting page 51 to image...
2026-01-10 13:38:32,201 - INFO - Running OCR on page 51...
2026-01-10 13:38:33,875 - INFO - Processing page 52...
2026-01-10 13:38:33,875 - INFO - Converting page 52 to image...
2026-01-10 13:38:34,100 - INFO - Running OCR on page 52...
2026-01-10 13:38:35,911 - INFO - Processing page 53...
2026-01-10 13:38:35,911 - INFO - Converting page 53 to image...
2026-01-10 13:38:36,138 - INFO - Running OCR on page 53...
2026-01-10 13:38:37,888 - INFO - Processing page 54...
2026-01-10 13:38:37,888 - INFO - Converting page 54 to image...
2026-01-10 13:38:38,145 - INFO - Running OCR on page 54...
2026-01-10 13:38:39,711 - INFO - Processing page 55...
2026-01-10 13:38:39,711 - INFO - Converting page 55 to image...
2026-01-10 13:38:39,932 - INFO - Running OCR on page 55...
2026-01-10 13:38:41,666 - INFO - Processing page 56...
2026-01-10 13:38:41,666 - INFO - Converting page 56 to image...
2026-01-10 13:38:41,886 - INFO - Running OCR on page 56...
2026-01-10 13:38:43,764 - INFO - Processing page 57...
2026-01-10 13:38:43,764 - INFO - Converting page 57 to image...
2026-01-10 13:38:43,983 - INFO - Running OCR on page 57...
2026-01-10 13:38:45,530 - INFO - Processing page 58...
2026-01-10 13:38:45,530 - INFO - Converting page 58 to image...
2026-01-10 13:38:45,764 - INFO - Running OCR on page 58...
2026-01-10 13:38:47,472 - INFO - Processing page 59...
2026-01-10 13:38:47,472 - INFO - Converting page 59 to image...
2026-01-10 13:38:47,695 - INFO - Running OCR on page 59...
2026-01-10 13:38:49,337 - INFO - Processing page 60...
2026-01-10 13:38:49,337 - INFO - Converting page 60 to image...
2026-01-10 13:38:49,565 - INFO - Running OCR on page 60...
2026-01-10 13:38:51,317 - INFO - Processing page 61...
2026-01-10 13:38:51,318 - INFO - Converting page 61 to image...
2026-01-10 13:38:51,540 - INFO - Running OCR on page 61...
2026-01-10 13:38:53,218 - INFO - Processing page 62...
2026-01-10 13:38:53,219 - INFO - Converting page 62 to image...
2026-01-10 13:38:53,441 - INFO - Running OCR on page 62...
2026-01-10 13:38:55,062 - INFO - Processing page 63...
2026-01-10 13:38:55,063 - INFO - Converting page 63 to image...
2026-01-10 13:38:55,282 - INFO - Running OCR on page 63...
2026-01-10 13:38:56,977 - INFO - Processing page 64...
2026-01-10 13:38:56,978 - INFO - Converting page 64 to image...
2026-01-10 13:38:57,200 - INFO - Running OCR on page 64...
2026-01-10 13:38:58,895 - INFO - Processing page 65...
2026-01-10 13:38:58,895 - INFO - Converting page 65 to image...
2026-01-10 13:38:59,117 - INFO - Running OCR on page 65...
2026-01-10 13:39:00,870 - INFO - Processing page 66...
2026-01-10 13:39:00,870 - INFO - Converting page 66 to image...
2026-01-10 13:39:01,093 - INFO - Running OCR on page 66...
2026-01-10 13:39:02,803 - INFO - Processing page 67...
2026-01-10 13:39:02,803 - INFO - Converting page 67 to image...
2026-01-10 13:39:03,023 - INFO - Running OCR on page 67...
2026-01-10 13:39:04,534 - INFO - Processing page 68...
2026-01-10 13:39:04,534 - INFO - Converting page 68 to image...
2026-01-10 13:39:04,754 - INFO - Running OCR on page 68...
2026-01-10 13:39:06,283 - INFO - Processing page 69...
2026-01-10 13:39:06,283 - INFO - Converting page 69 to image...
2026-01-10 13:39:06,505 - INFO - Running OCR on page 69...
2026-01-10 13:39:08,017 - INFO - Processing page 70...
2026-01-10 13:39:08,017 - INFO - Converting page 70 to image...
2026-01-10 13:39:08,204 - INFO - Running OCR on page 70...
2026-01-10 13:39:08,919 - INFO - Inferred missing District from address: ব্রাহ্মণবাড়িয়া
2026-01-10 13:39:08,921 - INFO - Sorted 631 voters by serial number.
2026-01-10 13:41:34,244 - INFO - PDF opened. Total pages: 70
2026-01-10 13:41:34,244 - INFO - Extracting Metadata from Page 1...
2026-01-10 13:41:34,245 - INFO - Converting page 1 to image...
2026-01-10 13:41:34,677 - INFO - Running OCR on page 1...
2026-01-10 13:41:36,218 - INFO - Header Page Text Dump:
ভোটার তালিকা - (মহিলা)

উপজেলা/থানা সরাইল
ইউনিয়ন/ পৌর ওয়ার্ড। অরুয়াইল
ক্যান্টনমেন্ট বোর্ড

ভোটার এলাকা ধামাউরা উত্তর পশ্চিম অংশ)

ভোটার এলাকার নম্বর ০৭০৯

ভোটার তালিকা প্রকাশের তারিখ: ২৪/১১/২০২৫

সিটি কর্পোরেশন/ পৌরসভা

ওয়ার্ড নম্বর (ইউনিয়ন পরিষদের জন্য)
সর্বমোট ভোটার সংখ্যা
মোট মহিলা ভোটার সংখ্যা

৯
২৮৪০

১২০৬

2026-01-10 13:41:36,218 - INFO - Extracted Metadata (Initial): {'upazila': 'সরাইল', 'union': 'পৌর ওয়ার্ড। অরুয়াইল', 'voter_area': 'ধামাউরা উত্তর পশ্চিম অংশ)', 'voter_area_code': '০৭০৯'}
2026-01-10 13:41:36,218 - INFO - Processing page 1...
2026-01-10 13:41:36,218 - INFO - Converting page 1 to image...
2026-01-10 13:41:36,647 - INFO - Running OCR on page 1...
2026-01-10 13:41:38,168 - INFO - Processing page 2...
2026-01-10 13:41:38,168 - INFO - Converting page 2 to image...
2026-01-10 13:41:38,437 - INFO - Running OCR on page 2...
2026-01-10 13:41:39,751 - INFO - Processing page 3...
2026-01-10 13:41:39,751 - INFO - Converting page 3 to image...
2026-01-10 13:41:40,213 - INFO - Running OCR on page 3...
2026-01-10 13:41:42,855 - INFO - Processing page 4...
2026-01-10 13:41:42,855 - INFO - Converting page 4 to image...
2026-01-10 13:41:43,323 - INFO - Running OCR on page 4...
2026-01-10 13:41:46,033 - INFO - Processing page 5...
2026-01-10 13:41:46,033 - INFO - Converting page 5 to image...
2026-01-10 13:41:46,496 - INFO - Running OCR on page 5...
2026-01-10 13:41:49,234 - INFO - Processing page 6...
2026-01-10 13:41:49,234 - INFO - Converting page 6 to image...
2026-01-10 13:41:49,699 - INFO - Running OCR on page 6...
2026-01-10 13:41:52,391 - INFO - Processing page 7...
2026-01-10 13:41:52,391 - INFO - Converting page 7 to image...
2026-01-10 13:41:52,861 - INFO - Running OCR on page 7...
2026-01-10 13:41:55,695 - INFO - Processing page 8...
2026-01-10 13:41:55,695 - INFO - Converting page 8 to image...
2026-01-10 13:41:56,152 - INFO - Running OCR on page 8...
2026-01-10 13:41:58,867 - INFO - Processing page 9...
2026-01-10 13:41:58,867 - INFO - Converting page 9 to image...
2026-01-10 13:41:59,344 - INFO - Running OCR on page 9...
2026-01-10 13:42:02,186 - INFO - Processing page 10...
2026-01-10 13:42:02,186 - INFO - Converting page 10 to image...
2026-01-10 13:42:02,763 - INFO - Running OCR on page 10...
2026-01-10 13:42:05,585 - INFO - Processing page 11...
2026-01-10 13:42:05,586 - INFO - Converting page 11 to image...
2026-01-10 13:42:06,056 - INFO - Running OCR on page 11...
2026-01-10 13:42:09,052 - INFO - Processing page 12...
2026-01-10 13:42:09,052 - INFO - Converting page 12 to image...
2026-01-10 13:42:09,533 - INFO - Running OCR on page 12...
2026-01-10 13:42:12,443 - INFO - Processing page 13...
2026-01-10 13:42:12,443 - INFO - Converting page 13 to image...
2026-01-10 13:42:12,930 - INFO - Running OCR on page 13...
2026-01-10 13:42:15,921 - INFO - Processing page 14...
2026-01-10 13:42:15,921 - INFO - Converting page 14 to image...
2026-01-10 13:42:16,395 - INFO - Running OCR on page 14...
2026-01-10 13:42:19,431 - INFO - Processing page 15...
2026-01-10 13:42:19,431 - INFO - Converting page 15 to image...
2026-01-10 13:42:19,903 - INFO - Running OCR on page 15...
2026-01-10 13:42:22,952 - INFO - Processing page 16...
2026-01-10 13:42:22,952 - INFO - Converting page 16 to image...
2026-01-10 13:42:23,419 - INFO - Running OCR on page 16...
2026-01-10 13:42:26,377 - INFO - Processing page 17...
2026-01-10 13:42:26,378 - INFO - Converting page 17 to image...
2026-01-10 13:42:26,845 - INFO - Running OCR on page 17...
2026-01-10 13:42:29,988 - INFO - Processing page 18...
2026-01-10 13:42:29,988 - INFO - Converting page 18 to image...
2026-01-10 13:42:30,458 - INFO - Running OCR on page 18...
2026-01-10 13:42:33,544 - INFO - Processing page 19...
2026-01-10 13:42:33,545 - INFO - Converting page 19 to image...
2026-01-10 13:42:34,015 - INFO - Running OCR on page 19...
2026-01-10 13:42:37,075 - INFO - Processing page 20...
2026-01-10 13:42:37,075 - INFO - Converting page 20 to image...
2026-01-10 13:42:37,658 - INFO - Running OCR on page 20...
2026-01-10 13:42:40,523 - INFO - Processing page 21...
2026-01-10 13:42:40,524 - INFO - Converting page 21 to image...
2026-01-10 13:42:41,102 - INFO - Running OCR on page 21...
2026-01-10 13:42:43,928 - INFO - Processing page 22...
2026-01-10 13:42:43,929 - INFO - Converting page 22 to image...
2026-01-10 13:42:44,409 - INFO - Running OCR on page 22...
2026-01-10 13:42:47,482 - INFO - Processing page 23...
2026-01-10 13:42:47,482 - INFO - Converting page 23 to image...
2026-01-10 13:42:47,945 - INFO - Running OCR on page 23...
2026-01-10 13:42:50,913 - INFO - Processing page 24...
2026-01-10 13:42:50,913 - INFO - Converting page 24 to image...
2026-01-10 13:42:51,378 - INFO - Running OCR on page 24...
2026-01-10 13:42:54,386 - INFO - Processing page 25...
2026-01-10 13:42:54,387 - INFO - Converting page 25 to image...
2026-01-10 13:42:54,859 - INFO - Running OCR on page 25...
2026-01-10 13:42:57,741 - INFO - Processing page 26...
2026-01-10 13:42:57,741 - INFO - Converting page 26 to image...
2026-01-10 13:42:58,208 - INFO - Running OCR on page 26...
2026-01-10 13:43:01,047 - INFO - Processing page 27...
2026-01-10 13:43:01,047 - INFO - Converting page 27 to image...
2026-01-10 13:43:01,517 - INFO - Running OCR on page 27...
2026-01-10 13:43:04,435 - INFO - Processing page 28...
2026-01-10 13:43:04,435 - INFO - Converting page 28 to image...
2026-01-10 13:43:04,903 - INFO - Running OCR on page 28...
2026-01-10 13:43:07,870 - INFO - Processing page 29...
2026-01-10 13:43:07,870 - INFO - Converting page 29 to image...
2026-01-10 13:43:08,338 - INFO - Running OCR on page 29...
2026-01-10 13:43:11,206 - INFO - Processing page 30...
2026-01-10 13:43:11,206 - INFO - Converting page 30 to image...
2026-01-10 13:43:11,672 - INFO - Running OCR on page 30...
2026-01-10 13:43:14,602 - INFO - Processing page 31...
2026-01-10 13:43:14,602 - INFO - Converting page 31 to image...
2026-01-10 13:43:15,071 - INFO - Running OCR on page 31...
2026-01-10 13:43:18,026 - INFO - Processing page 32...
2026-01-10 13:43:18,027 - INFO - Converting page 32 to image...
2026-01-10 13:43:18,494 - INFO - Running OCR on page 32...
2026-01-10 13:43:21,473 - INFO - Processing page 33...
2026-01-10 13:43:21,473 - INFO - Converting page 33 to image...
2026-01-10 13:43:21,940 - INFO - Running OCR on page 33...
2026-01-10 13:43:24,926 - INFO - Processing page 34...
2026-01-10 13:43:24,926 - INFO - Converting page 34 to image...
2026-01-10 13:43:25,390 - INFO - Running OCR on page 34...
2026-01-10 13:43:28,349 - INFO - Processing page 35...
2026-01-10 13:43:28,349 - INFO - Converting page 35 to image...
2026-01-10 13:43:28,816 - INFO - Running OCR on page 35...
2026-01-10 13:43:31,719 - INFO - Processing page 36...
2026-01-10 13:43:31,719 - INFO - Converting page 36 to image...
2026-01-10 13:43:32,232 - INFO - Running OCR on page 36...
2026-01-10 13:43:35,061 - INFO - Processing page 37...
2026-01-10 13:43:35,061 - INFO - Converting page 37 to image...
2026-01-10 13:43:35,538 - INFO - Running OCR on page 37...
2026-01-10 13:43:38,463 - INFO - Processing page 38...
2026-01-10 13:43:38,464 - INFO - Converting page 38 to image...
2026-01-10 13:43:38,936 - INFO - Running OCR on page 38...
2026-01-10 13:43:41,946 - INFO - Processing page 39...
2026-01-10 13:43:41,946 - INFO - Converting page 39 to image...
2026-01-10 13:43:42,415 - INFO - Running OCR on page 39...
2026-01-10 13:43:45,373 - INFO - Processing page 40...
2026-01-10 13:43:45,373 - INFO - Converting page 40 to image...
2026-01-10 13:43:45,836 - INFO - Running OCR on page 40...
2026-01-10 13:43:48,457 - INFO - Processing page 41...
2026-01-10 13:43:48,457 - INFO - Converting page 41 to image...
2026-01-10 13:43:48,910 - INFO - Running OCR on page 41...
2026-01-10 13:43:51,544 - INFO - Processing page 42...
2026-01-10 13:43:51,544 - INFO - Converting page 42 to image...
2026-01-10 13:43:52,006 - INFO - Running OCR on page 42...
2026-01-10 13:43:54,776 - INFO - Processing page 43...
2026-01-10 13:43:54,776 - INFO - Converting page 43 to image...
2026-01-10 13:43:55,240 - INFO - Running OCR on page 43...
2026-01-10 13:43:58,219 - INFO - Processing page 44...
2026-01-10 13:43:58,219 - INFO - Converting page 44 to image...
2026-01-10 13:43:58,689 - INFO - Running OCR on page 44...
2026-01-10 13:44:01,507 - INFO - Processing page 45...
2026-01-10 13:44:01,508 - INFO - Converting page 45 to image...
2026-01-10 13:44:01,971 - INFO - Running OCR on page 45...
2026-01-10 13:44:04,967 - INFO - Processing page 46...
2026-01-10 13:44:04,968 - INFO - Converting page 46 to image...
2026-01-10 13:44:05,438 - INFO - Running OCR on page 46...
2026-01-10 13:44:08,335 - INFO - Processing page 47...
2026-01-10 13:44:08,335 - INFO - Converting page 47 to image...
2026-01-10 13:44:08,809 - INFO - Running OCR on page 47...
2026-01-10 13:44:11,838 - INFO - Processing page 48...
2026-01-10 13:44:11,838 - INFO - Converting page 48 to image...
2026-01-10 13:44:12,301 - INFO - Running OCR on page 48...
2026-01-10 13:44:15,234 - INFO - Processing page 49...
2026-01-10 13:44:15,234 - INFO - Converting page 49 to image...
2026-01-10 13:44:15,706 - INFO - Running OCR on page 49...
2026-01-10 13:44:18,722 - INFO - Processing page 50...
2026-01-10 13:44:18,722 - INFO - Converting page 50 to image...
2026-01-10 13:44:19,186 - INFO - Running OCR on page 50...
2026-01-10 13:44:22,166 - INFO - Processing page 51...
2026-01-10 13:44:22,166 - INFO - Converting page 51 to image...
2026-01-10 13:44:22,643 - INFO - Running OCR on page 51...
2026-01-10 13:44:25,668 - INFO - Processing page 52...
2026-01-10 13:44:25,668 - INFO - Converting page 52 to image...
2026-01-10 13:44:26,142 - INFO - Running OCR on page 52...
2026-01-10 13:44:29,152 - INFO - Processing page 53...
2026-01-10 13:44:29,152 - INFO - Converting page 53 to image...
2026-01-10 13:44:29,624 - INFO - Running OCR on page 53...
2026-01-10 13:44:32,569 - INFO - Processing page 54...
2026-01-10 13:44:32,570 - INFO - Converting page 54 to image...
2026-01-10 13:44:33,056 - INFO - Running OCR on page 54...
2026-01-10 13:44:35,923 - INFO - Processing page 55...
2026-01-10 13:44:35,923 - INFO - Converting page 55 to image...
2026-01-10 13:44:36,392 - INFO - Running OCR on page 55...
2026-01-10 13:44:39,313 - INFO - Processing page 56...
2026-01-10 13:44:39,313 - INFO - Converting page 56 to image...
2026-01-10 13:44:39,802 - INFO - Running OCR on page 56...
2026-01-10 13:44:42,662 - INFO - Processing page 57...
2026-01-10 13:44:42,662 - INFO - Converting page 57 to image...
2026-01-10 13:44:43,140 - INFO - Running OCR on page 57...
2026-01-10 13:44:45,864 - INFO - Processing page 58...
2026-01-10 13:44:45,865 - INFO - Converting page 58 to image...
2026-01-10 13:44:46,333 - INFO - Running OCR on page 58...
2026-01-10 13:44:49,164 - INFO - Processing page 59...
2026-01-10 13:44:49,165 - INFO - Converting page 59 to image...
2026-01-10 13:44:49,630 - INFO - Running OCR on page 59...
2026-01-10 13:44:52,556 - INFO - Processing page 60...
2026-01-10 13:44:52,556 - INFO - Converting page 60 to image...
2026-01-10 13:44:53,027 - INFO - Running OCR on page 60...
2026-01-10 13:44:56,018 - INFO - Processing page 61...
2026-01-10 13:44:56,019 - INFO - Converting page 61 to image...
2026-01-10 13:44:56,487 - INFO - Running OCR on page 61...
2026-01-10 13:44:59,427 - INFO - Processing page 62...
2026-01-10 13:44:59,428 - INFO - Converting page 62 to image...
2026-01-10 13:44:59,892 - INFO - Running OCR on page 62...
2026-01-10 13:45:02,679 - INFO - Processing page 63...
2026-01-10 13:45:02,679 - INFO - Converting page 63 to image...
2026-01-10 13:45:03,146 - INFO - Running OCR on page 63...
2026-01-10 13:45:06,011 - INFO - Processing page 64...
2026-01-10 13:45:06,011 - INFO - Converting page 64 to image...
2026-01-10 13:45:06,496 - INFO - Running OCR on page 64...
2026-01-10 13:45:09,432 - INFO - Processing page 65...
2026-01-10 13:45:09,433 - INFO - Converting page 65 to image...
2026-01-10 13:45:09,935 - INFO - Running OCR on page 65...
2026-01-10 13:45:12,800 - INFO - Processing page 66...
2026-01-10 13:45:12,800 - INFO - Converting page 66 to image...
2026-01-10 13:45:13,264 - INFO - Running OCR on page 66...
2026-01-10 13:45:16,005 - INFO - Processing page 67...
2026-01-10 13:45:16,006 - INFO - Converting page 67 to image...
2026-01-10 13:45:16,471 - INFO - Running OCR on page 67...
2026-01-10 13:45:19,213 - INFO - Processing page 68...
2026-01-10 13:45:19,214 - INFO - Converting page 68 to image...
2026-01-10 13:45:19,675 - INFO - Running OCR on page 68...
2026-01-10 13:45:22,358 - INFO - Processing page 69...
2026-01-10 13:45:22,358 - INFO - Converting page 69 to image...
2026-01-10 13:45:22,828 - INFO - Running OCR on page 69...
2026-01-10 13:45:25,545 - INFO - Processing page 70...
2026-01-10 13:45:25,545 - INFO - Converting page 70 to image...
2026-01-10 13:45:25,921 - INFO - Running OCR on page 70...
2026-01-10 13:45:27,546 - INFO - Inferred missing District from address: ব্রাহ্মণবাড়িয়া
2026-01-10 13:45:27,549 - INFO - Sorted 962 voters by serial number.
2026-01-10 13:48:42,683 - INFO - PDF opened. Total pages: 70
2026-01-10 13:48:42,683 - INFO - Extracting Metadata from Page 1...
2026-01-10 13:48:42,683 - INFO - Converting page 1 to image...
2026-01-10 13:48:42,974 - INFO - Splitting page 1 into 3 columns for OCR...
2026-01-10 13:48:44,041 - INFO - Header Page Text Dump:

উপজেলা/থানা সরাইল
ইউনিয়ন/ পৌর ওয়ার্ড। অরুয়াইল
ক্যান্টনমেন্ট বোর্ড

ভোটার এলাকা ধামাউরা (উত্তর পশ্চিম অ
ভোটার এলাকার নম্বর ০৭০৯

ভোটার তালিকা প্রকাশের তারিখ: ২৪/১১/২০২৫


ভোটার তালিকা - (মহিলা)

টত্তর পশ্চিম অংশ)

২৫

সিটি কর্পোরেশন/ পৌরসভা

ওয়ার্ড নম্বর (ইউনিয়ন পরিষদে
সর্বমোট ভোটার সংখ্যা
মোট মহিলা ভোটার সংখ্যা


পৌরসভা

নয়ন পরিষদের জন্য) ২
নংখ্যা ২৮৪০

র সংখ্যা ১২০৬


2026-01-10 13:48:44,042 - INFO - Extracted Metadata (Initial): {'upazila': 'সরাইল', 'union': 'পৌর ওয়ার্ড। অরুয়াইল', 'voter_area': 'ধামাউরা (উত্তর পশ্চিম অ', 'voter_area_code': '০৭০৯'}
2026-01-10 13:48:44,042 - INFO - Processing page 1...
2026-01-10 13:48:44,042 - INFO - Converting page 1 to image...
2026-01-10 13:48:44,359 - INFO - Splitting page 1 into 3 columns for OCR...
2026-01-10 13:48:45,404 - INFO - Processing page 2...
2026-01-10 13:48:45,404 - INFO - Converting page 2 to image...
2026-01-10 13:48:45,605 - INFO - Splitting page 2 into 3 columns for OCR...
2026-01-10 13:48:46,372 - INFO - Processing page 3...
2026-01-10 13:48:46,372 - INFO - Converting page 3 to image...
2026-01-10 13:48:46,625 - INFO - Splitting page 3 into 3 columns for OCR...
2026-01-10 13:48:49,001 - INFO - Processing page 4...
2026-01-10 13:48:49,001 - INFO - Converting page 4 to image...
2026-01-10 13:48:49,349 - INFO - Splitting page 4 into 3 columns for OCR...
2026-01-10 13:48:51,850 - INFO - Processing page 5...
2026-01-10 13:48:51,850 - INFO - Converting page 5 to image...
2026-01-10 13:48:52,107 - INFO - Splitting page 5 into 3 columns for OCR...
2026-01-10 13:48:54,640 - INFO - Processing page 6...
2026-01-10 13:48:54,641 - INFO - Converting page 6 to image...
2026-01-10 13:48:54,899 - INFO - Splitting page 6 into 3 columns for OCR...
2026-01-10 13:48:57,287 - INFO - Processing page 7...
2026-01-10 13:48:57,287 - INFO - Converting page 7 to image...
2026-01-10 13:48:57,545 - INFO - Splitting page 7 into 3 columns for OCR...
2026-01-10 13:49:00,154 - INFO - Processing page 8...
2026-01-10 13:49:00,154 - INFO - Converting page 8 to image...
2026-01-10 13:49:00,408 - INFO - Splitting page 8 into 3 columns for OCR...
2026-01-10 13:49:02,923 - INFO - Processing page 9...
2026-01-10 13:49:02,923 - INFO - Converting page 9 to image...
2026-01-10 13:49:03,179 - INFO - Splitting page 9 into 3 columns for OCR...
2026-01-10 13:49:05,723 - INFO - Processing page 10...
2026-01-10 13:49:05,724 - INFO - Converting page 10 to image...
2026-01-10 13:49:05,975 - INFO - Splitting page 10 into 3 columns for OCR...
2026-01-10 13:49:08,629 - INFO - Processing page 11...
2026-01-10 13:49:08,629 - INFO - Converting page 11 to image...
2026-01-10 13:49:08,887 - INFO - Splitting page 11 into 3 columns for OCR...
2026-01-10 13:49:11,629 - INFO - Processing page 12...
2026-01-10 13:49:11,629 - INFO - Converting page 12 to image...
2026-01-10 13:49:11,884 - INFO - Splitting page 12 into 3 columns for OCR...
2026-01-10 13:49:14,535 - INFO - Processing page 13...
2026-01-10 13:49:14,536 - INFO - Converting page 13 to image...
2026-01-10 13:49:14,793 - INFO - Splitting page 13 into 3 columns for OCR...
2026-01-10 13:49:17,474 - INFO - Processing page 14...
2026-01-10 13:49:17,474 - INFO - Converting page 14 to image...
2026-01-10 13:49:17,728 - INFO - Splitting page 14 into 3 columns for OCR...
2026-01-10 13:49:20,541 - INFO - Processing page 15...
2026-01-10 13:49:20,541 - INFO - Converting page 15 to image...
2026-01-10 13:49:20,796 - INFO - Splitting page 15 into 3 columns for OCR...
2026-01-10 13:49:23,686 - INFO - Processing page 16...
2026-01-10 13:49:23,687 - INFO - Converting page 16 to image...
2026-01-10 13:49:24,045 - INFO - Splitting page 16 into 3 columns for OCR...
2026-01-10 13:49:26,705 - INFO - Processing page 17...
2026-01-10 13:49:26,705 - INFO - Converting page 17 to image...
2026-01-10 13:49:26,962 - INFO - Splitting page 17 into 3 columns for OCR...
2026-01-10 13:49:29,779 - INFO - Processing page 18...
2026-01-10 13:49:29,779 - INFO - Converting page 18 to image...
2026-01-10 13:49:30,032 - INFO - Splitting page 18 into 3 columns for OCR...
2026-01-10 13:49:32,873 - INFO - Processing page 19...
2026-01-10 13:49:32,873 - INFO - Converting page 19 to image...
2026-01-10 13:49:33,127 - INFO - Splitting page 19 into 3 columns for OCR...
2026-01-10 13:49:35,996 - INFO - Processing page 20...
2026-01-10 13:49:35,996 - INFO - Converting page 20 to image...
2026-01-10 13:49:36,249 - INFO - Splitting page 20 into 3 columns for OCR...
2026-01-10 13:49:38,674 - INFO - Processing page 21...
2026-01-10 13:49:38,674 - INFO - Converting page 21 to image...
2026-01-10 13:49:38,934 - INFO - Splitting page 21 into 3 columns for OCR...
2026-01-10 13:49:41,624 - INFO - Processing page 22...
2026-01-10 13:49:41,625 - INFO - Converting page 22 to image...
2026-01-10 13:49:41,881 - INFO - Splitting page 22 into 3 columns for OCR...
2026-01-10 13:49:44,619 - INFO - Processing page 23...
2026-01-10 13:49:44,620 - INFO - Converting page 23 to image...
2026-01-10 13:49:44,870 - INFO - Splitting page 23 into 3 columns for OCR...
2026-01-10 13:49:47,664 - INFO - Processing page 24...
2026-01-10 13:49:47,664 - INFO - Converting page 24 to image...
2026-01-10 13:49:47,920 - INFO - Splitting page 24 into 3 columns for OCR...
2026-01-10 13:49:50,699 - INFO - Processing page 25...
2026-01-10 13:49:50,699 - INFO - Converting page 25 to image...
2026-01-10 13:49:50,951 - INFO - Splitting page 25 into 3 columns for OCR...
2026-01-10 13:49:53,609 - INFO - Processing page 26...
2026-01-10 13:49:53,609 - INFO - Converting page 26 to image...
2026-01-10 13:49:53,863 - INFO - Splitting page 26 into 3 columns for OCR...
2026-01-10 13:49:56,543 - INFO - Processing page 27...
2026-01-10 13:49:56,544 - INFO - Converting page 27 to image...
2026-01-10 13:49:56,815 - INFO - Splitting page 27 into 3 columns for OCR...
2026-01-10 13:49:59,385 - INFO - Processing page 28...
2026-01-10 13:49:59,386 - INFO - Converting page 28 to image...
2026-01-10 13:49:59,639 - INFO - Splitting page 28 into 3 columns for OCR...
2026-01-10 13:50:02,245 - INFO - Processing page 29...
2026-01-10 13:50:02,246 - INFO - Converting page 29 to image...
2026-01-10 13:50:02,498 - INFO - Splitting page 29 into 3 columns for OCR...
2026-01-10 13:50:05,109 - INFO - Processing page 30...
2026-01-10 13:50:05,109 - INFO - Converting page 30 to image...
2026-01-10 13:50:05,363 - INFO - Splitting page 30 into 3 columns for OCR...
2026-01-10 13:50:08,042 - INFO - Processing page 31...
2026-01-10 13:50:08,042 - INFO - Converting page 31 to image...
2026-01-10 13:50:08,298 - INFO - Splitting page 31 into 3 columns for OCR...
2026-01-10 13:50:10,938 - INFO - Processing page 32...
2026-01-10 13:50:10,938 - INFO - Converting page 32 to image...
2026-01-10 13:50:11,196 - INFO - Splitting page 32 into 3 columns for OCR...
2026-01-10 13:50:13,904 - INFO - Processing page 33...
2026-01-10 13:50:13,905 - INFO - Converting page 33 to image...
2026-01-10 13:50:14,158 - INFO - Splitting page 33 into 3 columns for OCR...
2026-01-10 13:50:16,871 - INFO - Processing page 34...
2026-01-10 13:50:16,871 - INFO - Converting page 34 to image...
2026-01-10 13:50:17,125 - INFO - Splitting page 34 into 3 columns for OCR...
2026-01-10 13:50:19,812 - INFO - Processing page 35...
2026-01-10 13:50:19,812 - INFO - Converting page 35 to image...
2026-01-10 13:50:20,070 - INFO - Splitting page 35 into 3 columns for OCR...
2026-01-10 13:50:22,765 - INFO - Processing page 36...
2026-01-10 13:50:22,765 - INFO - Converting page 36 to image...
2026-01-10 13:50:23,019 - INFO - Splitting page 36 into 3 columns for OCR...
2026-01-10 13:50:25,853 - INFO - Processing page 37...
2026-01-10 13:50:25,853 - INFO - Converting page 37 to image...
2026-01-10 13:50:26,131 - INFO - Splitting page 37 into 3 columns for OCR...
2026-01-10 13:50:28,771 - INFO - Processing page 38...
2026-01-10 13:50:28,771 - INFO - Converting page 38 to image...
2026-01-10 13:50:29,036 - INFO - Splitting page 38 into 3 columns for OCR...
2026-01-10 13:50:31,758 - INFO - Processing page 39...
2026-01-10 13:50:31,759 - INFO - Converting page 39 to image...
2026-01-10 13:50:32,024 - INFO - Splitting page 39 into 3 columns for OCR...
2026-01-10 13:50:34,769 - INFO - Processing page 40...
2026-01-10 13:50:34,769 - INFO - Converting page 40 to image...
2026-01-10 13:50:35,021 - INFO - Splitting page 40 into 3 columns for OCR...
2026-01-10 13:50:37,426 - INFO - Processing page 41...
2026-01-10 13:50:37,426 - INFO - Converting page 41 to image...
2026-01-10 13:50:37,679 - INFO - Splitting page 41 into 3 columns for OCR...
2026-01-10 13:50:40,098 - INFO - Processing page 42...
2026-01-10 13:50:40,099 - INFO - Converting page 42 to image...
2026-01-10 13:50:40,352 - INFO - Splitting page 42 into 3 columns for OCR...
2026-01-10 13:50:42,916 - INFO - Processing page 43...
2026-01-10 13:50:42,916 - INFO - Converting page 43 to image...
2026-01-10 13:50:43,170 - INFO - Splitting page 43 into 3 columns for OCR...
2026-01-10 13:50:45,907 - INFO - Processing page 44...
2026-01-10 13:50:45,908 - INFO - Converting page 44 to image...
2026-01-10 13:50:46,163 - INFO - Splitting page 44 into 3 columns for OCR...
2026-01-10 13:50:48,851 - INFO - Processing page 45...
2026-01-10 13:50:48,851 - INFO - Converting page 45 to image...
2026-01-10 13:50:49,108 - INFO - Splitting page 45 into 3 columns for OCR...
2026-01-10 13:50:51,809 - INFO - Processing page 46...
2026-01-10 13:50:51,809 - INFO - Converting page 46 to image...
2026-01-10 13:50:52,068 - INFO - Splitting page 46 into 3 columns for OCR...
2026-01-10 13:50:54,623 - INFO - Processing page 47...
2026-01-10 13:50:54,624 - INFO - Converting page 47 to image...
2026-01-10 13:50:54,877 - INFO - Splitting page 47 into 3 columns for OCR...
2026-01-10 13:50:57,538 - INFO - Processing page 48...
2026-01-10 13:50:57,539 - INFO - Converting page 48 to image...
2026-01-10 13:50:57,793 - INFO - Splitting page 48 into 3 columns for OCR...
2026-01-10 13:51:00,395 - INFO - Processing page 49...
2026-01-10 13:51:00,396 - INFO - Converting page 49 to image...
2026-01-10 13:51:00,670 - INFO - Splitting page 49 into 3 columns for OCR...
2026-01-10 13:51:03,450 - INFO - Processing page 50...
2026-01-10 13:51:03,450 - INFO - Converting page 50 to image...
2026-01-10 13:51:03,704 - INFO - Splitting page 50 into 3 columns for OCR...
2026-01-10 13:51:06,293 - INFO - Processing page 51...
2026-01-10 13:51:06,293 - INFO - Converting page 51 to image...
2026-01-10 13:51:06,574 - INFO - Splitting page 51 into 3 columns for OCR...
2026-01-10 13:51:09,290 - INFO - Processing page 52...
2026-01-10 13:51:09,290 - INFO - Converting page 52 to image...
2026-01-10 13:51:09,546 - INFO - Splitting page 52 into 3 columns for OCR...
2026-01-10 13:51:12,262 - INFO - Processing page 53...
2026-01-10 13:51:12,262 - INFO - Converting page 53 to image...
2026-01-10 13:51:12,520 - INFO - Splitting page 53 into 3 columns for OCR...
2026-01-10 13:51:15,163 - INFO - Processing page 54...
2026-01-10 13:51:15,163 - INFO - Converting page 54 to image...
2026-01-10 13:51:15,414 - INFO - Splitting page 54 into 3 columns for OCR...
2026-01-10 13:51:17,880 - INFO - Processing page 55...
2026-01-10 13:51:17,881 - INFO - Converting page 55 to image...
2026-01-10 13:51:18,136 - INFO - Splitting page 55 into 3 columns for OCR...
2026-01-10 13:51:20,744 - INFO - Processing page 56...
2026-01-10 13:51:20,745 - INFO - Converting page 56 to image...
2026-01-10 13:51:21,000 - INFO - Splitting page 56 into 3 columns for OCR...
2026-01-10 13:51:23,616 - INFO - Processing page 57...
2026-01-10 13:51:23,617 - INFO - Converting page 57 to image...
2026-01-10 13:51:23,871 - INFO - Splitting page 57 into 3 columns for OCR...
2026-01-10 13:51:26,306 - INFO - Processing page 58...
2026-01-10 13:51:26,306 - INFO - Converting page 58 to image...
2026-01-10 13:51:26,560 - INFO - Splitting page 58 into 3 columns for OCR...
2026-01-10 13:51:29,230 - INFO - Processing page 59...
2026-01-10 13:51:29,230 - INFO - Converting page 59 to image...
2026-01-10 13:51:29,485 - INFO - Splitting page 59 into 3 columns for OCR...
2026-01-10 13:51:32,122 - INFO - Processing page 60...
2026-01-10 13:51:32,122 - INFO - Converting page 60 to image...
2026-01-10 13:51:32,377 - INFO - Splitting page 60 into 3 columns for OCR...
2026-01-10 13:51:35,112 - INFO - Processing page 61...
2026-01-10 13:51:35,112 - INFO - Converting page 61 to image...
2026-01-10 13:51:35,363 - INFO - Splitting page 61 into 3 columns for OCR...
2026-01-10 13:51:38,059 - INFO - Processing page 62...
2026-01-10 13:51:38,059 - INFO - Converting page 62 to image...
2026-01-10 13:51:38,312 - INFO - Splitting page 62 into 3 columns for OCR...
2026-01-10 13:51:40,898 - INFO - Processing page 63...
2026-01-10 13:51:40,898 - INFO - Converting page 63 to image...
2026-01-10 13:51:41,153 - INFO - Splitting page 63 into 3 columns for OCR...
2026-01-10 13:51:43,687 - INFO - Processing page 64...
2026-01-10 13:51:43,687 - INFO - Converting page 64 to image...
2026-01-10 13:51:43,943 - INFO - Splitting page 64 into 3 columns for OCR...
2026-01-10 13:51:46,547 - INFO - Processing page 65...
2026-01-10 13:51:46,548 - INFO - Converting page 65 to image...
2026-01-10 13:51:46,802 - INFO - Splitting page 65 into 3 columns for OCR...
2026-01-10 13:51:49,490 - INFO - Processing page 66...
2026-01-10 13:51:49,490 - INFO - Converting page 66 to image...
2026-01-10 13:51:49,743 - INFO - Splitting page 66 into 3 columns for OCR...
2026-01-10 13:51:52,212 - INFO - Processing page 67...
2026-01-10 13:51:52,212 - INFO - Converting page 67 to image...
2026-01-10 13:51:52,466 - INFO - Splitting page 67 into 3 columns for OCR...
2026-01-10 13:51:55,045 - INFO - Processing page 68...
2026-01-10 13:51:55,045 - INFO - Converting page 68 to image...
2026-01-10 13:51:55,299 - INFO - Splitting page 68 into 3 columns for OCR...
2026-01-10 13:51:57,725 - INFO - Processing page 69...
2026-01-10 13:51:57,725 - INFO - Converting page 69 to image...
2026-01-10 13:51:57,979 - INFO - Splitting page 69 into 3 columns for OCR...
2026-01-10 13:52:00,362 - INFO - Processing page 70...
2026-01-10 13:52:00,362 - INFO - Converting page 70 to image...
2026-01-10 13:52:00,587 - INFO - Splitting page 70 into 3 columns for OCR...
2026-01-10 13:52:01,725 - INFO - Inferred missing District from address: ব্রাহ্মণবাড়িয়া
2026-01-10 13:52:01,728 - INFO - Sorted 957 voters by serial number.
2026-01-10 13:55:25,501 - INFO - PDF opened. Total pages: 70
2026-01-10 13:55:25,502 - INFO - Extracting Metadata from Page 1...
2026-01-10 13:55:25,502 - INFO - Converting page 1 to image...
2026-01-10 13:55:25,849 - INFO - Splitting page 1 into 3 columns for OCR...
2026-01-10 13:55:27,129 - INFO - Header Page Text Dump:

উপজেলা/থানা সরাইল
ইউনিয়ন/ পৌর ওয়ার্ড। অরুয়াইল
ক্যান্টনমেন্ট বোর্ড

ভোটার এলাকা ধামাউরা উত্তর পশ্চিম অংশ)

ভোটার এলাকার নম্বর ০৭০৯

ভোটার তালিকা প্রকাশের তারিখ: ২৪/১১/২০২৫


ভোটার তালিকা - (মহিলা)

২৪/১১/২০২৫

সিটি কর্পোরেশন/ পৌরসভা

সর্বমোট ভোটার সংখ্যা
মোট মহিলা ভোটার সংখ্যা


পোরেশন/ পৌরসভা

নম্বর ইউনিয়ন পরিষদের জন্য) ২
ট ভোটার সংখ্যা ২৮৪০
[হিলা ভোটার সংখ্যা ১২০৬


2026-01-10 13:55:27,130 - INFO - Extracted Metadata (Initial): {'upazila': 'সরাইল', 'union': 'পৌর ওয়ার্ড। অরুয়াইল', 'voter_area': 'ধামাউরা উত্তর পশ্চিম অংশ)', 'voter_area_code': '০৭০৯'}
2026-01-10 13:55:27,130 - INFO - Processing page 1...
2026-01-10 13:55:27,130 - INFO - Converting page 1 to image...
2026-01-10 13:55:27,548 - INFO - Splitting page 1 into 3 columns for OCR...
2026-01-10 13:55:28,803 - INFO - Processing page 2...
2026-01-10 13:55:28,804 - INFO - Converting page 2 to image...
2026-01-10 13:55:29,006 - INFO - Splitting page 2 into 3 columns for OCR...
2026-01-10 13:55:29,933 - INFO - Processing page 3...
2026-01-10 13:55:29,934 - INFO - Converting page 3 to image...
2026-01-10 13:55:30,190 - INFO - Splitting page 3 into 3 columns for OCR...
2026-01-10 13:55:33,228 - INFO - Processing page 4...
2026-01-10 13:55:33,228 - INFO - Converting page 4 to image...
2026-01-10 13:55:33,494 - INFO - Splitting page 4 into 3 columns for OCR...
2026-01-10 13:55:36,643 - INFO - Processing page 5...
2026-01-10 13:55:36,643 - INFO - Converting page 5 to image...
2026-01-10 13:55:36,898 - INFO - Splitting page 5 into 3 columns for OCR...
2026-01-10 13:55:40,114 - INFO - Processing page 6...
2026-01-10 13:55:40,114 - INFO - Converting page 6 to image...
2026-01-10 13:55:40,373 - INFO - Splitting page 6 into 3 columns for OCR...
2026-01-10 13:55:43,562 - INFO - Processing page 7...
2026-01-10 13:55:43,563 - INFO - Converting page 7 to image...
2026-01-10 13:55:43,822 - INFO - Splitting page 7 into 3 columns for OCR...
2026-01-10 13:55:47,151 - INFO - Processing page 8...
2026-01-10 13:55:47,152 - INFO - Converting page 8 to image...
2026-01-10 13:55:47,410 - INFO - Splitting page 8 into 3 columns for OCR...
2026-01-10 13:55:50,626 - INFO - Processing page 9...
2026-01-10 13:55:50,627 - INFO - Converting page 9 to image...
2026-01-10 13:55:50,891 - INFO - Splitting page 9 into 3 columns for OCR...
2026-01-10 13:55:53,866 - INFO - Processing page 10...
2026-01-10 13:55:53,866 - INFO - Converting page 10 to image...
2026-01-10 13:55:54,130 - INFO - Splitting page 10 into 3 columns for OCR...
2026-01-10 13:55:57,368 - INFO - Processing page 11...
2026-01-10 13:55:57,368 - INFO - Converting page 11 to image...
2026-01-10 13:55:57,649 - INFO - Splitting page 11 into 3 columns for OCR...
2026-01-10 13:56:00,947 - INFO - Processing page 12...
2026-01-10 13:56:00,947 - INFO - Converting page 12 to image...
2026-01-10 13:56:01,210 - INFO - Splitting page 12 into 3 columns for OCR...
2026-01-10 13:56:04,332 - INFO - Processing page 13...
2026-01-10 13:56:04,333 - INFO - Converting page 13 to image...
2026-01-10 13:56:04,595 - INFO - Splitting page 13 into 3 columns for OCR...
2026-01-10 13:56:07,715 - INFO - Processing page 14...
2026-01-10 13:56:07,715 - INFO - Converting page 14 to image...
2026-01-10 13:56:07,978 - INFO - Splitting page 14 into 3 columns for OCR...
2026-01-10 13:56:11,160 - INFO - Processing page 15...
2026-01-10 13:56:11,161 - INFO - Converting page 15 to image...
2026-01-10 13:56:11,421 - INFO - Splitting page 15 into 3 columns for OCR...
2026-01-10 13:56:14,897 - INFO - Processing page 16...
2026-01-10 13:56:14,898 - INFO - Converting page 16 to image...
2026-01-10 13:56:15,155 - INFO - Splitting page 16 into 3 columns for OCR...
2026-01-10 13:56:18,472 - INFO - Processing page 17...
2026-01-10 13:56:18,473 - INFO - Converting page 17 to image...
2026-01-10 13:56:18,732 - INFO - Splitting page 17 into 3 columns for OCR...
2026-01-10 13:56:22,244 - INFO - Processing page 18...
2026-01-10 13:56:22,244 - INFO - Converting page 18 to image...
2026-01-10 13:56:22,503 - INFO - Splitting page 18 into 3 columns for OCR...
2026-01-10 13:56:25,880 - INFO - Processing page 19...
2026-01-10 13:56:25,881 - INFO - Converting page 19 to image...
2026-01-10 13:56:26,141 - INFO - Splitting page 19 into 3 columns for OCR...
2026-01-10 13:56:29,389 - INFO - Processing page 20...
2026-01-10 13:56:29,390 - INFO - Converting page 20 to image...
2026-01-10 13:56:29,648 - INFO - Splitting page 20 into 3 columns for OCR...
2026-01-10 13:56:32,809 - INFO - Processing page 21...
2026-01-10 13:56:32,810 - INFO - Converting page 21 to image...
2026-01-10 13:56:33,069 - INFO - Splitting page 21 into 3 columns for OCR...
2026-01-10 13:56:36,134 - INFO - Processing page 22...
2026-01-10 13:56:36,134 - INFO - Converting page 22 to image...
2026-01-10 13:56:36,395 - INFO - Splitting page 22 into 3 columns for OCR...
2026-01-10 13:56:39,441 - INFO - Processing page 23...
2026-01-10 13:56:39,442 - INFO - Converting page 23 to image...
2026-01-10 13:56:39,697 - INFO - Splitting page 23 into 3 columns for OCR...
2026-01-10 13:56:42,959 - INFO - Processing page 24...
2026-01-10 13:56:42,960 - INFO - Converting page 24 to image...
2026-01-10 13:56:43,238 - INFO - Splitting page 24 into 3 columns for OCR...
2026-01-10 13:56:46,466 - INFO - Processing page 25...
2026-01-10 13:56:46,466 - INFO - Converting page 25 to image...
2026-01-10 13:56:46,724 - INFO - Splitting page 25 into 3 columns for OCR...
2026-01-10 13:56:49,851 - INFO - Processing page 26...
2026-01-10 13:56:49,852 - INFO - Converting page 26 to image...
2026-01-10 13:56:50,109 - INFO - Splitting page 26 into 3 columns for OCR...
2026-01-10 13:56:52,911 - INFO - Processing page 27...
2026-01-10 13:56:52,911 - INFO - Converting page 27 to image...
2026-01-10 13:56:53,175 - INFO - Splitting page 27 into 3 columns for OCR...
2026-01-10 13:56:56,292 - INFO - Processing page 28...
2026-01-10 13:56:56,293 - INFO - Converting page 28 to image...
2026-01-10 13:56:56,549 - INFO - Splitting page 28 into 3 columns for OCR...
2026-01-10 13:56:59,669 - INFO - Processing page 29...
2026-01-10 13:56:59,669 - INFO - Converting page 29 to image...
2026-01-10 13:56:59,937 - INFO - Splitting page 29 into 3 columns for OCR...
2026-01-10 13:57:02,913 - INFO - Processing page 30...
2026-01-10 13:57:02,913 - INFO - Converting page 30 to image...
2026-01-10 13:57:03,173 - INFO - Splitting page 30 into 3 columns for OCR...
2026-01-10 13:57:06,471 - INFO - Processing page 31...
2026-01-10 13:57:06,472 - INFO - Converting page 31 to image...
2026-01-10 13:57:06,727 - INFO - Splitting page 31 into 3 columns for OCR...
2026-01-10 13:57:09,961 - INFO - Processing page 32...
2026-01-10 13:57:09,962 - INFO - Converting page 32 to image...
2026-01-10 13:57:10,224 - INFO - Splitting page 32 into 3 columns for OCR...
2026-01-10 13:57:13,472 - INFO - Processing page 33...
2026-01-10 13:57:13,473 - INFO - Converting page 33 to image...
2026-01-10 13:57:13,731 - INFO - Splitting page 33 into 3 columns for OCR...
2026-01-10 13:57:17,043 - INFO - Processing page 34...
2026-01-10 13:57:17,043 - INFO - Converting page 34 to image...
2026-01-10 13:57:17,304 - INFO - Splitting page 34 into 3 columns for OCR...
2026-01-10 13:57:20,845 - INFO - Processing page 35...
2026-01-10 13:57:20,846 - INFO - Converting page 35 to image...
2026-01-10 13:57:21,103 - INFO - Splitting page 35 into 3 columns for OCR...
2026-01-10 13:57:24,262 - INFO - Processing page 36...
2026-01-10 13:57:24,262 - INFO - Converting page 36 to image...
2026-01-10 13:57:24,631 - INFO - Splitting page 36 into 3 columns for OCR...
2026-01-10 13:57:27,744 - INFO - Processing page 37...
2026-01-10 13:57:27,744 - INFO - Converting page 37 to image...
2026-01-10 13:57:28,001 - INFO - Splitting page 37 into 3 columns for OCR...
2026-01-10 13:57:31,080 - INFO - Processing page 38...
2026-01-10 13:57:31,114 - INFO - Converting page 38 to image...
2026-01-10 13:57:31,373 - INFO - Splitting page 38 into 3 columns for OCR...
2026-01-10 13:57:34,600 - INFO - Processing page 39...
2026-01-10 13:57:34,600 - INFO - Converting page 39 to image...
2026-01-10 13:57:34,857 - INFO - Splitting page 39 into 3 columns for OCR...
2026-01-10 13:57:38,056 - INFO - Processing page 40...
2026-01-10 13:57:38,057 - INFO - Converting page 40 to image...
2026-01-10 13:57:38,314 - INFO - Splitting page 40 into 3 columns for OCR...
2026-01-10 13:57:41,414 - INFO - Processing page 41...
2026-01-10 13:57:41,415 - INFO - Converting page 41 to image...
2026-01-10 13:57:41,668 - INFO - Splitting page 41 into 3 columns for OCR...
2026-01-10 13:57:44,718 - INFO - Processing page 42...
2026-01-10 13:57:44,718 - INFO - Converting page 42 to image...
2026-01-10 13:57:44,976 - INFO - Splitting page 42 into 3 columns for OCR...
2026-01-10 13:57:48,171 - INFO - Processing page 43...
2026-01-10 13:57:48,171 - INFO - Converting page 43 to image...
2026-01-10 13:57:48,424 - INFO - Splitting page 43 into 3 columns for OCR...
2026-01-10 13:57:51,530 - INFO - Processing page 44...
2026-01-10 13:57:51,531 - INFO - Converting page 44 to image...
2026-01-10 13:57:51,786 - INFO - Splitting page 44 into 3 columns for OCR...
2026-01-10 13:57:54,703 - INFO - Processing page 45...
2026-01-10 13:57:54,703 - INFO - Converting page 45 to image...
2026-01-10 13:57:54,959 - INFO - Splitting page 45 into 3 columns for OCR...
2026-01-10 13:57:58,352 - INFO - Processing page 46...
2026-01-10 13:57:58,353 - INFO - Converting page 46 to image...
2026-01-10 13:57:58,611 - INFO - Splitting page 46 into 3 columns for OCR...
2026-01-10 13:58:01,620 - INFO - Processing page 47...
2026-01-10 13:58:01,620 - INFO - Converting page 47 to image...
2026-01-10 13:58:01,877 - INFO - Splitting page 47 into 3 columns for OCR...
2026-01-10 13:58:04,965 - INFO - Processing page 48...
2026-01-10 13:58:04,965 - INFO - Converting page 48 to image...
2026-01-10 13:58:05,226 - INFO - Splitting page 48 into 3 columns for OCR...
2026-01-10 13:58:08,466 - INFO - Processing page 49...
2026-01-10 13:58:08,466 - INFO - Converting page 49 to image...
2026-01-10 13:58:08,722 - INFO - Splitting page 49 into 3 columns for OCR...
2026-01-10 13:58:11,933 - INFO - Processing page 50...
2026-01-10 13:58:11,933 - INFO - Converting page 50 to image...
2026-01-10 13:58:12,209 - INFO - Splitting page 50 into 3 columns for OCR...
2026-01-10 13:58:15,352 - INFO - Processing page 51...
2026-01-10 13:58:15,352 - INFO - Converting page 51 to image...
2026-01-10 13:58:15,610 - INFO - Splitting page 51 into 3 columns for OCR...
2026-01-10 13:58:18,983 - INFO - Processing page 52...
2026-01-10 13:58:18,984 - INFO - Converting page 52 to image...
2026-01-10 13:58:19,241 - INFO - Splitting page 52 into 3 columns for OCR...
2026-01-10 13:58:22,272 - INFO - Processing page 53...
2026-01-10 13:58:22,273 - INFO - Converting page 53 to image...
2026-01-10 13:58:22,534 - INFO - Splitting page 53 into 3 columns for OCR...
2026-01-10 13:58:25,635 - INFO - Processing page 54...
2026-01-10 13:58:25,636 - INFO - Converting page 54 to image...
2026-01-10 13:58:25,905 - INFO - Splitting page 54 into 3 columns for OCR...
2026-01-10 13:58:29,245 - INFO - Processing page 55...
2026-01-10 13:58:29,245 - INFO - Converting page 55 to image...
2026-01-10 13:58:29,503 - INFO - Splitting page 55 into 3 columns for OCR...
2026-01-10 13:58:32,551 - INFO - Processing page 56...
2026-01-10 13:58:32,551 - INFO - Converting page 56 to image...
2026-01-10 13:58:32,810 - INFO - Splitting page 56 into 3 columns for OCR...
2026-01-10 13:58:36,186 - INFO - Processing page 57...
2026-01-10 13:58:36,187 - INFO - Converting page 57 to image...
2026-01-10 13:58:36,443 - INFO - Splitting page 57 into 3 columns for OCR...
2026-01-10 13:58:39,584 - INFO - Processing page 58...
2026-01-10 13:58:39,585 - INFO - Converting page 58 to image...
2026-01-10 13:58:39,843 - INFO - Splitting page 58 into 3 columns for OCR...
2026-01-10 13:58:43,179 - INFO - Processing page 59...
2026-01-10 13:58:43,179 - INFO - Converting page 59 to image...
2026-01-10 13:58:43,437 - INFO - Splitting page 59 into 3 columns for OCR...
2026-01-10 13:58:46,802 - INFO - Processing page 60...
2026-01-10 13:58:46,803 - INFO - Converting page 60 to image...
2026-01-10 13:58:47,061 - INFO - Splitting page 60 into 3 columns for OCR...
2026-01-10 13:58:50,520 - INFO - Processing page 61...
2026-01-10 13:58:50,520 - INFO - Converting page 61 to image...
2026-01-10 13:58:50,799 - INFO - Splitting page 61 into 3 columns for OCR...
2026-01-10 13:58:54,242 - INFO - Processing page 62...
2026-01-10 13:58:54,242 - INFO - Converting page 62 to image...
2026-01-10 13:58:54,503 - INFO - Splitting page 62 into 3 columns for OCR...
2026-01-10 13:58:57,471 - INFO - Processing page 63...
2026-01-10 13:58:57,471 - INFO - Converting page 63 to image...
2026-01-10 13:58:57,730 - INFO - Splitting page 63 into 3 columns for OCR...
2026-01-10 13:59:01,140 - INFO - Processing page 64...
2026-01-10 13:59:01,141 - INFO - Converting page 64 to image...
2026-01-10 13:59:01,398 - INFO - Splitting page 64 into 3 columns for OCR...
2026-01-10 13:59:04,436 - INFO - Processing page 65...
2026-01-10 13:59:04,437 - INFO - Converting page 65 to image...
2026-01-10 13:59:04,797 - INFO - Splitting page 65 into 3 columns for OCR...
2026-01-10 13:59:08,051 - INFO - Processing page 66...
2026-01-10 13:59:08,051 - INFO - Converting page 66 to image...
2026-01-10 13:59:08,309 - INFO - Splitting page 66 into 3 columns for OCR...
2026-01-10 13:59:11,316 - INFO - Processing page 67...
2026-01-10 13:59:11,316 - INFO - Converting page 67 to image...
2026-01-10 13:59:11,573 - INFO - Splitting page 67 into 3 columns for OCR...
2026-01-10 13:59:14,442 - INFO - Processing page 68...
2026-01-10 13:59:14,443 - INFO - Converting page 68 to image...
2026-01-10 13:59:14,702 - INFO - Splitting page 68 into 3 columns for OCR...
2026-01-10 13:59:17,766 - INFO - Processing page 69...
2026-01-10 13:59:17,767 - INFO - Converting page 69 to image...
2026-01-10 13:59:18,132 - INFO - Splitting page 69 into 3 columns for OCR...
2026-01-10 13:59:21,512 - INFO - Processing page 70...
2026-01-10 13:59:21,512 - INFO - Converting page 70 to image...
2026-01-10 13:59:21,738 - INFO - Splitting page 70 into 3 columns for OCR...
2026-01-10 13:59:23,165 - INFO - Deduplicated to 984 unique voters.
2026-01-10 13:59:23,168 - INFO - Sorted 984 voters by serial number.
2026-01-10 15:46:30,884 - INFO - PDF opened. Total pages: 70
2026-01-10 15:46:30,918 - INFO - Extracting Metadata from Page 1...
2026-01-10 15:46:30,918 - INFO - Converting page 1 to image...
2026-01-10 15:46:31,808 - INFO - Splitting page 1 into 3 columns for OCR...
2026-01-10 15:46:33,891 - INFO - Header Page Text Dump:

__ ভোঁ
উপজেলা/থানা সরাইল
ইউনিয়ন/ পৌর ওয়ার্ড। অরুয়াইল
ক্যান্টনমেন্ট বোর্ড
ভোটার এলাকা ধামাউরা উত্তর পশ্চিম অংশ)
ভোটার এলাকার নম্বর ০৭০৯
ভোটার তালিকা প্রকাশের তারিখ: ২৪/১১/২০২৫


বাংলাদেশ
নির্বাচন কমিশন
ভোটার তালিকা - (মহিলা)
রাইল সিটি কর্পোরেশন/ পৌরসভা
মাউরা উত্তর পশ্চিম অংশ) সর্বমোট ভোটার সংখ্যা
৭০৯ মোট মহিলা ভোটার সংখ্যা
২৪/১১/২০২৫


শা

ই

মেহিলা)_

বাড়িয়া__

্পোরেশন/ পৌরসভা

নম্বর (ইউনিয়ন পরিষদের জন্য) ২

ট ভোটার সংখ্যা ২৮৪০
[হিলা ভোটার সংখ্যা ১২০৬


2026-01-10 15:46:33,894 - INFO - Extracted Metadata (Initial): {'upazila': 'সরাইল', 'union': 'পৌর ওয়ার্ড। অরুয়াইল', 'voter_area': 'ধামাউরা উত্তর পশ্চিম অংশ)', 'voter_area_code': '০৭০৯'}
2026-01-10 15:46:33,894 - INFO - Processing page 1...
2026-01-10 15:46:33,894 - INFO - Converting page 1 to image...
2026-01-10 15:46:34,226 - INFO - Splitting page 1 into 3 columns for OCR...
2026-01-10 15:46:35,544 - INFO - Processing page 2...
2026-01-10 15:46:35,544 - INFO - Converting page 2 to image...
2026-01-10 15:46:35,776 - INFO - Splitting page 2 into 3 columns for OCR...
2026-01-10 15:46:36,655 - INFO - Processing page 3...
2026-01-10 15:46:36,655 - INFO - Converting page 3 to image...
2026-01-10 15:46:36,936 - INFO - Splitting page 3 into 3 columns for OCR...
2026-01-10 15:46:40,021 - INFO - Processing page 4...
2026-01-10 15:46:40,021 - INFO - Converting page 4 to image...
2026-01-10 15:46:40,304 - INFO - Splitting page 4 into 3 columns for OCR...
2026-01-10 15:46:43,611 - INFO - Processing page 5...
2026-01-10 15:46:43,611 - INFO - Converting page 5 to image...
2026-01-10 15:46:43,903 - INFO - Splitting page 5 into 3 columns for OCR...
2026-01-10 15:46:47,172 - INFO - Processing page 6...
2026-01-10 15:46:47,172 - INFO - Converting page 6 to image...
2026-01-10 15:46:47,454 - INFO - Splitting page 6 into 3 columns for OCR...
2026-01-10 15:46:50,811 - INFO - Processing page 7...
2026-01-10 15:46:50,811 - INFO - Converting page 7 to image...
2026-01-10 15:46:51,087 - INFO - Splitting page 7 into 3 columns for OCR...
2026-01-10 15:46:54,440 - INFO - Processing page 8...
2026-01-10 15:46:54,441 - INFO - Converting page 8 to image...
2026-01-10 15:46:54,720 - INFO - Splitting page 8 into 3 columns for OCR...
2026-01-10 15:46:58,017 - INFO - Processing page 9...
2026-01-10 15:46:58,018 - INFO - Converting page 9 to image...
2026-01-10 15:46:58,297 - INFO - Splitting page 9 into 3 columns for OCR...
2026-01-10 15:47:01,563 - INFO - Processing page 10...
2026-01-10 15:47:01,563 - INFO - Converting page 10 to image...
2026-01-10 15:47:01,833 - INFO - Splitting page 10 into 3 columns for OCR...
2026-01-10 15:47:04,886 - INFO - Processing page 11...
2026-01-10 15:47:04,886 - INFO - Converting page 11 to image...
2026-01-10 15:47:05,163 - INFO - Splitting page 11 into 3 columns for OCR...
2026-01-10 15:47:08,332 - INFO - Processing page 12...
2026-01-10 15:47:08,332 - INFO - Converting page 12 to image...
2026-01-10 15:47:08,615 - INFO - Splitting page 12 into 3 columns for OCR...
2026-01-10 15:47:11,812 - INFO - Processing page 13...
2026-01-10 15:47:11,813 - INFO - Converting page 13 to image...
2026-01-10 15:47:12,099 - INFO - Splitting page 13 into 3 columns for OCR...
2026-01-10 15:47:15,499 - INFO - Processing page 14...
2026-01-10 15:47:15,499 - INFO - Converting page 14 to image...
2026-01-10 15:47:15,786 - INFO - Splitting page 14 into 3 columns for OCR...
2026-01-10 15:47:19,134 - INFO - Processing page 15...
2026-01-10 15:47:19,135 - INFO - Converting page 15 to image...
2026-01-10 15:47:19,415 - INFO - Splitting page 15 into 3 columns for OCR...
2026-01-10 15:47:22,674 - INFO - Processing page 16...
2026-01-10 15:47:22,674 - INFO - Converting page 16 to image...
2026-01-10 15:47:22,953 - INFO - Splitting page 16 into 3 columns for OCR...
2026-01-10 15:47:26,327 - INFO - Processing page 17...
2026-01-10 15:47:26,330 - INFO - Converting page 17 to image...
2026-01-10 15:47:26,612 - INFO - Splitting page 17 into 3 columns for OCR...
2026-01-10 15:47:29,998 - INFO - Processing page 18...
2026-01-10 15:47:29,998 - INFO - Converting page 18 to image...
2026-01-10 15:47:30,273 - INFO - Splitting page 18 into 3 columns for OCR...
2026-01-10 15:47:33,776 - INFO - Processing page 19...
2026-01-10 15:47:33,777 - INFO - Converting page 19 to image...
2026-01-10 15:47:34,050 - INFO - Splitting page 19 into 3 columns for OCR...
2026-01-10 15:47:37,515 - INFO - Processing page 20...
2026-01-10 15:47:37,516 - INFO - Converting page 20 to image...
2026-01-10 15:47:37,794 - INFO - Splitting page 20 into 3 columns for OCR...
2026-01-10 15:47:41,094 - INFO - Processing page 21...
2026-01-10 15:47:41,095 - INFO - Converting page 21 to image...
2026-01-10 15:47:41,372 - INFO - Splitting page 21 into 3 columns for OCR...
2026-01-10 15:47:44,271 - INFO - Processing page 22...
2026-01-10 15:47:44,271 - INFO - Converting page 22 to image...
2026-01-10 15:47:44,552 - INFO - Splitting page 22 into 3 columns for OCR...
2026-01-10 15:47:47,448 - INFO - Processing page 23...
2026-01-10 15:47:47,449 - INFO - Converting page 23 to image...
2026-01-10 15:47:47,756 - INFO - Splitting page 23 into 3 columns for OCR...
2026-01-10 15:47:50,851 - INFO - Processing page 24...
2026-01-10 15:47:50,852 - INFO - Converting page 24 to image...
2026-01-10 15:47:51,135 - INFO - Splitting page 24 into 3 columns for OCR...
2026-01-10 15:47:54,258 - INFO - Processing page 25...
2026-01-10 15:47:54,258 - INFO - Converting page 25 to image...
2026-01-10 15:47:54,534 - INFO - Splitting page 25 into 3 columns for OCR...
2026-01-10 15:47:57,576 - INFO - Processing page 26...
2026-01-10 15:47:57,576 - INFO - Converting page 26 to image...
2026-01-10 15:47:57,854 - INFO - Splitting page 26 into 3 columns for OCR...
2026-01-10 15:48:00,792 - INFO - Processing page 27...
2026-01-10 15:48:00,793 - INFO - Converting page 27 to image...
2026-01-10 15:48:01,088 - INFO - Splitting page 27 into 3 columns for OCR...
2026-01-10 15:48:04,091 - INFO - Processing page 28...
2026-01-10 15:48:04,091 - INFO - Converting page 28 to image...
2026-01-10 15:48:04,373 - INFO - Splitting page 28 into 3 columns for OCR...
2026-01-10 15:48:07,450 - INFO - Processing page 29...
2026-01-10 15:48:07,450 - INFO - Converting page 29 to image...
2026-01-10 15:48:07,728 - INFO - Splitting page 29 into 3 columns for OCR...
2026-01-10 15:48:10,809 - INFO - Processing page 30...
2026-01-10 15:48:10,810 - INFO - Converting page 30 to image...
2026-01-10 15:48:11,089 - INFO - Splitting page 30 into 3 columns for OCR...
2026-01-10 15:48:14,230 - INFO - Processing page 31...
2026-01-10 15:48:14,230 - INFO - Converting page 31 to image...
2026-01-10 15:48:14,510 - INFO - Splitting page 31 into 3 columns for OCR...
2026-01-10 15:48:17,657 - INFO - Processing page 32...
2026-01-10 15:48:17,657 - INFO - Converting page 32 to image...
2026-01-10 15:48:17,938 - INFO - Splitting page 32 into 3 columns for OCR...
2026-01-10 15:48:21,032 - INFO - Processing page 33...
2026-01-10 15:48:21,032 - INFO - Converting page 33 to image...
2026-01-10 15:48:21,315 - INFO - Splitting page 33 into 3 columns for OCR...
2026-01-10 15:48:24,469 - INFO - Processing page 34...
2026-01-10 15:48:24,470 - INFO - Converting page 34 to image...
2026-01-10 15:48:24,748 - INFO - Splitting page 34 into 3 columns for OCR...
2026-01-10 15:48:27,985 - INFO - Processing page 35...
2026-01-10 15:48:27,986 - INFO - Converting page 35 to image...
2026-01-10 15:48:28,264 - INFO - Splitting page 35 into 3 columns for OCR...
2026-01-10 15:48:31,493 - INFO - Processing page 36...
2026-01-10 15:48:31,493 - INFO - Converting page 36 to image...
2026-01-10 15:48:31,774 - INFO - Splitting page 36 into 3 columns for OCR...
2026-01-10 15:48:35,133 - INFO - Processing page 37...
2026-01-10 15:48:35,133 - INFO - Converting page 37 to image...
2026-01-10 15:48:35,417 - INFO - Splitting page 37 into 3 columns for OCR...
2026-01-10 15:48:39,079 - INFO - Processing page 38...
2026-01-10 15:48:39,079 - INFO - Converting page 38 to image...
2026-01-10 15:48:39,363 - INFO - Splitting page 38 into 3 columns for OCR...
2026-01-10 15:48:42,666 - INFO - Processing page 39...
2026-01-10 15:48:42,667 - INFO - Converting page 39 to image...
2026-01-10 15:48:42,948 - INFO - Splitting page 39 into 3 columns for OCR...
2026-01-10 15:48:46,259 - INFO - Processing page 40...
2026-01-10 15:48:46,259 - INFO - Converting page 40 to image...
2026-01-10 15:48:46,537 - INFO - Splitting page 40 into 3 columns for OCR...
2026-01-10 15:48:49,439 - INFO - Processing page 41...
2026-01-10 15:48:49,440 - INFO - Converting page 41 to image...
2026-01-10 15:48:49,723 - INFO - Splitting page 41 into 3 columns for OCR...
2026-01-10 15:48:52,685 - INFO - Processing page 42...
2026-01-10 15:48:52,685 - INFO - Converting page 42 to image...
2026-01-10 15:48:52,980 - INFO - Splitting page 42 into 3 columns for OCR...
2026-01-10 15:48:55,856 - INFO - Processing page 43...
2026-01-10 15:48:55,857 - INFO - Converting page 43 to image...
2026-01-10 15:48:56,135 - INFO - Splitting page 43 into 3 columns for OCR...
2026-01-10 15:48:59,100 - INFO - Processing page 44...
2026-01-10 15:48:59,100 - INFO - Converting page 44 to image...
2026-01-10 15:48:59,385 - INFO - Splitting page 44 into 3 columns for OCR...
2026-01-10 15:49:02,480 - INFO - Processing page 45...
2026-01-10 15:49:02,480 - INFO - Converting page 45 to image...
2026-01-10 15:49:02,783 - INFO - Splitting page 45 into 3 columns for OCR...
2026-01-10 15:49:05,851 - INFO - Processing page 46...
2026-01-10 15:49:05,851 - INFO - Converting page 46 to image...
2026-01-10 15:49:06,131 - INFO - Splitting page 46 into 3 columns for OCR...
2026-01-10 15:49:09,257 - INFO - Processing page 47...
2026-01-10 15:49:09,257 - INFO - Converting page 47 to image...
2026-01-10 15:49:09,547 - INFO - Splitting page 47 into 3 columns for OCR...
2026-01-10 15:49:12,741 - INFO - Processing page 48...
2026-01-10 15:49:12,744 - INFO - Converting page 48 to image...
2026-01-10 15:49:13,026 - INFO - Splitting page 48 into 3 columns for OCR...
2026-01-10 15:49:16,256 - INFO - Processing page 49...
2026-01-10 15:49:16,257 - INFO - Converting page 49 to image...
2026-01-10 15:49:16,535 - INFO - Splitting page 49 into 3 columns for OCR...
2026-01-10 15:49:19,878 - INFO - Processing page 50...
2026-01-10 15:49:19,878 - INFO - Converting page 50 to image...
2026-01-10 15:49:20,159 - INFO - Splitting page 50 into 3 columns for OCR...
2026-01-10 15:49:23,427 - INFO - Processing page 51...
2026-01-10 15:49:23,427 - INFO - Converting page 51 to image...
2026-01-10 15:49:23,711 - INFO - Splitting page 51 into 3 columns for OCR...
2026-01-10 15:49:26,934 - INFO - Processing page 52...
2026-01-10 15:49:26,935 - INFO - Converting page 52 to image...
2026-01-10 15:49:27,216 - INFO - Splitting page 52 into 3 columns for OCR...
2026-01-10 15:49:30,587 - INFO - Processing page 53...
2026-01-10 15:49:30,587 - INFO - Converting page 53 to image...
2026-01-10 15:49:30,868 - INFO - Splitting page 53 into 3 columns for OCR...
2026-01-10 15:49:34,164 - INFO - Processing page 54...
2026-01-10 15:49:34,165 - INFO - Converting page 54 to image...
2026-01-10 15:49:34,443 - INFO - Splitting page 54 into 3 columns for OCR...
2026-01-10 15:49:37,584 - INFO - Processing page 55...
2026-01-10 15:49:37,584 - INFO - Converting page 55 to image...
2026-01-10 15:49:37,865 - INFO - Splitting page 55 into 3 columns for OCR...
2026-01-10 15:49:41,094 - INFO - Processing page 56...
2026-01-10 15:49:41,094 - INFO - Converting page 56 to image...
2026-01-10 15:49:41,377 - INFO - Splitting page 56 into 3 columns for OCR...
2026-01-10 15:49:44,747 - INFO - Processing page 57...
2026-01-10 15:49:44,748 - INFO - Converting page 57 to image...
2026-01-10 15:49:45,019 - INFO - Splitting page 57 into 3 columns for OCR...
2026-01-10 15:49:48,197 - INFO - Processing page 58...
2026-01-10 15:49:48,197 - INFO - Converting page 58 to image...
2026-01-10 15:49:48,472 - INFO - Splitting page 58 into 3 columns for OCR...
2026-01-10 15:49:51,711 - INFO - Processing page 59...
2026-01-10 15:49:51,711 - INFO - Converting page 59 to image...
2026-01-10 15:49:51,987 - INFO - Splitting page 59 into 3 columns for OCR...
2026-01-10 15:49:55,272 - INFO - Processing page 60...
2026-01-10 15:49:55,272 - INFO - Converting page 60 to image...
2026-01-10 15:49:55,553 - INFO - Splitting page 60 into 3 columns for OCR...
2026-01-10 15:49:59,005 - INFO - Processing page 61...
2026-01-10 15:49:59,006 - INFO - Converting page 61 to image...
2026-01-10 15:49:59,282 - INFO - Splitting page 61 into 3 columns for OCR...
2026-01-10 15:50:02,751 - INFO - Processing page 62...
2026-01-10 15:50:02,751 - INFO - Converting page 62 to image...
2026-01-10 15:50:03,065 - INFO - Splitting page 62 into 3 columns for OCR...
2026-01-10 15:50:06,308 - INFO - Processing page 63...
2026-01-10 15:50:06,309 - INFO - Converting page 63 to image...
2026-01-10 15:50:06,597 - INFO - Splitting page 63 into 3 columns for OCR...
2026-01-10 15:50:09,905 - INFO - Processing page 64...
2026-01-10 15:50:09,905 - INFO - Converting page 64 to image...
2026-01-10 15:50:10,183 - INFO - Splitting page 64 into 3 columns for OCR...
2026-01-10 15:50:13,356 - INFO - Processing page 65...
2026-01-10 15:50:13,356 - INFO - Converting page 65 to image...
2026-01-10 15:50:13,634 - INFO - Splitting page 65 into 3 columns for OCR...
2026-01-10 15:50:16,832 - INFO - Processing page 66...
2026-01-10 15:50:16,832 - INFO - Converting page 66 to image...
2026-01-10 15:50:17,112 - INFO - Splitting page 66 into 3 columns for OCR...
2026-01-10 15:50:20,298 - INFO - Processing page 67...
2026-01-10 15:50:20,299 - INFO - Converting page 67 to image...
2026-01-10 15:50:20,691 - INFO - Splitting page 67 into 3 columns for OCR...
2026-01-10 15:50:23,832 - INFO - Processing page 68...
2026-01-10 15:50:23,832 - INFO - Converting page 68 to image...
2026-01-10 15:50:24,106 - INFO - Splitting page 68 into 3 columns for OCR...
2026-01-10 15:50:27,225 - INFO - Processing page 69...
2026-01-10 15:50:27,225 - INFO - Converting page 69 to image...
2026-01-10 15:50:27,606 - INFO - Splitting page 69 into 3 columns for OCR...
2026-01-10 15:50:30,742 - INFO - Processing page 70...
2026-01-10 15:50:30,743 - INFO - Converting page 70 to image...
2026-01-10 15:50:30,995 - INFO - Splitting page 70 into 3 columns for OCR...
2026-01-10 15:50:32,470 - INFO - Deduplicated to 1198 unique voters.
2026-01-10 15:50:32,473 - INFO - Sorted 1198 voters by serial number.
